[preface#7] 漏译的英文词 Ktfn、ibTfi
  EN: 'Since the printing of the volume was completed, the typographical errors have been found to be more numerous than was expected, although for the most part less '
  ZH: '自本卷付印以来，发现排印错误较预期为多，虽则大体上于本书之害尚小，而于作者之名则不无可愧；作者理当为此疏失负责，因交付印工的手稿本身极不完善。他无意援引常见的托辞——如寓所距印厂过远、于此事素无经验——亦不欲以清样仅得经他一次校订为辞，宁愿把自己交托于读者的公允与宽容，尤其是那些曾受过同样懊恼之人的宽容。同时，在卷首先'
[introduction#55] 漏译的英文词 Gesenius、Hitzig
  EN: 'The successive writers of this modern school, however they may differ as to minor points among themselves, prove their identity of principle by holding that *th'
  ZH: '这一现代学派的历代作者，彼此在细节上纵有分歧，却以持守同一条原则表明了他们的同类身分，即*断不可能有对遥远将来的明确的先知性预见。*这一主张，有些人（如希齐格 Hitzig 与克诺贝尔 Knobel）说得比另一些人（如格塞尼乌斯 Gesenius 与埃瓦尔德 Ewald）更为直白；然而它实在是整个学派的*πρῶτον '
[introduction#74] 漏译的英文词 Itala
  EN: 'The Vulgate or common Latin version of Isaiah, regarded as authentic in the Church of Rome, was executed by Jerome, about the end of the fourth century, and aft'
  ZH: '以赛亚书的武加大译本，即罗马教会视为正典的通行拉丁译本，乃耶柔米于第四世纪末所译，此后取代了此前通用的古拉丁译本——那译本通称 Itala（古意大利译本），如今仅存残篇。这部译本虽有许多讹误与荒谬的解释，但整体而言，仍是古代解经传统的宝贵记录，也是耶柔米东方语文研究的成果。它对近代解经的影响，尤其是在罗马教会之内，自然'
[1#9] 漏译的英文词 pris
  EN: 'As the foregoing verses render prominent the false position of Israel with respect to God, considered first as a father and then as a master (comp. Mal. 1: 6), '
  ZH: '前面几节突出了以色列在神面前的虚假地位——先以神为父，再以神为主（参 玛拉基书 1:6）——本节则展示他们因那种疏离而生的整体道德光景，并且这光景仍被描写为与那疏离不可分割。先知再一次以自己的身分说话，对他百姓自陷其中的境况表示惊异、怜悯与愤慨。*啊，犯罪的国民，*字面作*犯着罪的国民，*即习惯性地犯罪，这正是此处主动'
[1#10] 漏译的英文词 abiit
  EN: 'To the description of their moral state, beginning and ending with apostasy from God, the Prophet now adds a description of the consequences, vs. 5-9. This he i'
  ZH: '先知在描述了他们的道德光景——以离弃神开始、又以离弃神结束——之后，接着描述其后果，第 5-9 节。他先以一番责问引入：他们既已被罪恶逼到这般绝境，竟仍疯狂地执迷不悟。*在何处，*即在身体的哪一部分，*你们还能被击打，*被打、被刑罚，*再多一些，*以致*你们加增悖逆，*离弃或背叛神，即越发悖逆呢？如今*整个头都病了，整'
[1#11] 斜体 * 数量不符 29 → 28；漏译的英文词 vibex
  EN: 'The idea suggested at the beginning of v. 5, that there was no more room for further strokes, is now carried out with great particularity. *From the sole of the'
  ZH: '第 5 节开头所提示的意思——已无处再可加鞭——如今被极其细致地铺陈出来。*从脚掌起，并*（即直）*到头顶*（圣经中表明全身上下的常用语）*其中并无*（指百姓；或作「他身上」，即把犹大视为一个身体）*完好之处；（只有）伤口与瘀痕*（μώλωψ，vibex（鞭痕、肿起的伤棱），鞭打所生的肿块）*和新打的伤。*接着，这些伤'
[1#13] 漏译的英文词 Gesenius、Hitzig、Tingstad、caph
  EN: 'The extent of the desolation is expressed by comparing the church or nation to a watch-shed in a field or vineyard, far from other habitations, and forsaken aft'
  ZH: '荒凉的程度，是借着把教会或国家比作田间或葡萄园中的看守棚而表明的：那棚远离别的住处，收成归仓之后便被撇下。*而锡安的女子，*即锡安或耶路撒冷的百姓——耶路撒冷既为犹大的京城，故而代表全国——*被剩下，*不是被离弃，而是如幸存者一般被留下、被剩在后头，*像一座棚，*即枝叶搭成的临时遮蔽，*在葡萄园中，像瓜田中的一座庵，像'
[1#18] 漏译的英文词 Winer、frustra、rst、vergeblich
  EN: 'What he said before of animal sacrifices and of attendance at the temple to present them, is now extended to bloodless offerings, such as incense and the nnjE o'
  ZH: '他先前论到血祭以及入殿献祭之事，此处推及不带血的供物，如香与מנחה（素祭），并及于圣节的遵守，随后简要指明这一切之所以不蒙神悦纳的缘由，即当它们与作孽的行径相结合之时。此处的疑问语气换成了直接的禁令。*你们不可再添上*（即继续）*献那虚浮的供物*（就是无用的供物，因其出于假冒与不敬）。*香是我所憎恶的：新月与安息日，'
[1#19] 漏译的英文词 KIBS
  EN: 'The very rites ordained by God himself, and once acceptable to him, had, through the sin of those who used them, become irksome and disgusting. *Your new moons*'
  ZH: '那些原本由神自己所设立、也曾蒙他悦纳的礼仪，因着行礼之人的罪，竟成了令人厌烦、令人作呕的事。*你们的月朔*（这是带着强调意味的重提，好像他说：不错，正是你们的月朔）*和你们的圣会*（即安息日与每年的节期）*我心里恨恶*（这并非「*我恨恶，*」的迂回说法，而是表明发自肺腑之恨的强调语，意即 odi ex animo〔我从'
[1#20] 斜体 * 数量不符 31 → 30
  EN: 'Not only ceremonial observances but even prayer was rendered useless by the sins of those who offered it. *And in your spreading* (when you spread) *your hands*'
  ZH: '不仅仪文的遵行，连祷告本身也因献上祷告之人的罪而归于无用。*而在你们伸开*（当你们伸开）*你们的手时*（或向天伸出双手，作恳求之姿）*我必掩目不看你们*（转脸不顾，不肯看、不肯听，不但在寻常的时候如此）*就是你们多多祷告时*（在危难之中殷切恳求）*我也不听*（或译「将不听」，分词使这一动作比将来时更贴近现在）。*你们的'
[1#21] 漏译的英文词 Hithpael、Niphal
  EN: 'Having shown the insufficiency of ceremonial rites and even of more spiritual duties to avert or cure the evils which the people had brought upon themselves by '
  ZH: '他既已表明，礼仪的献祭、甚至更属灵的本分，都不足以挽回或医治百姓因自己的罪孽而招来的祸患，便劝他们撇弃这些，力促他们悔改归正——不是把悔改当作拯救与蒙神复纳的 *causa qua*（成事之因），乃是当作 *causa sine qua non*（不可或缺之因）。*你们洗涤*（这是专用于洗身的词，与其他各样洗濯有别），'
[1#30] 漏译的英文词 Michaelis
  EN: 'The mingled promise and threatening is repeated under one of the figures used in v. 22. The adulterated silver must be purified by the separation of its impure '
  ZH: '这混合着应许与威胁的话，又用第 22 节中的一个比喻重述了一遍。掺杂的银子必须藉着除去其中不洁的成分而得洁净。*我必转手加在你身上，*即把你拿在手中处置，着手办理你的事，*又必炼尽你的渣滓如同纯净*本身，即以最纯净、最彻底的方式，*并除掉你一切的杂质，*就是与贵重矿石混杂在一起的锡、铅或别的贱金属。——路德、尤尼乌斯（'
[12#4] 漏译的英文词 JTW、Stiff、ftx、iJfS、njrn
  EN: '*Behold, God is my salvation. I will trust, and not be afraid; for my strength and song is Jah Jehovah, and he is become my salvation.* Some exchange the abstra'
  ZH: '*看哪，神是我的拯救。我要倚靠，并不惧怕；因为我的力量和诗歌是雅 耶和华，他也成了我的拯救。*有些人以具体代抽象，作*我的救主，*但这样一来，表达的力量大为削弱。第一个动词可以译为现在时*（我倚靠），*因为它描述的是实际的心境；但将来时的形式，一面已足以含蕴此意，一面又同时表达出一种坚定的决意：我要倚靠，要坦然，要安稳'
[12#6] 漏译的英文词 Hiphil
  EN: '*And ye shall say* (to one another) *in that day, praise* (or give thanks to) *Jehovah, call upon his name* (proclaim it), *make known among the nations his exp'
  ZH: '*你们必说*（彼此说）*在那日，要称谢*（或作向……献上感谢）*耶和华，呼求他的名*（宣扬它），*在列国中传扬他的作为*（或功业），*提说*（使他们记得）*他的名被高举。*有人把「提说」一词取为赞美、颂扬之义，并把随后的连词译作「因为」，如此则下文所言便不是所赞美的内容，而是赞美的缘由。英文圣经作 *make ment'
[40#4] 漏译的英文词 Rosenm
  EN: '*Speak to* (or *according to) the heart of Jerusalem, and cry to her, that her warfare is accomplished, that her iniquity is pardoned, that she hath received fr'
  ZH: '*对耶路撒冷的心说话*（或*照着）耶路撒冷的心，向她呼喊，说她的争战已经完成，她的罪孽已蒙悦纳，她已从耶和华手中因自己一切的罪受了双倍。* 所谓向心说话，我们当理解为：说话要能触动人的心或情感，同时也要合乎人的心意或愿望，即受话者所渴望听见、或所需要听见的话。此处的耶路撒冷代表教会或蒙拣选的子民，耶路撒冷是他们的京城，'
[40#6] 漏译的英文词 ria
  EN: '*Every valley shall be raised and every mountain and hill brought low, and the uneven shall become level and the ridges a plain.* This may be considered as an e'
  ZH: '*一切山谷都要升高，一切山冈都要降低，高低不平的要变为平坦，崚嶒之处要成为平原。* 这可以视作对预备主的道路之方式的说明。格罗提乌斯（Grotius）认为本章开头的命令语气仍在延续（*愿一切山谷*……），最近的德国学者们对本节也作同样的解法，尽管他们把新的命令置于前一节。下一个动词的形式（rrrn）虽与这种解释并非不能'
[40#9] 斜体 * 数量不符 26 → 22
  EN: '*Dried is the grass, faded the flower; for the breath of Jehovah has blown upon it. Surely the people is grass.* The present form usually given to the verbs con'
  ZH: '*草枯了，花残了；因为耶和华的气吹在其上。人民诚然是草。* 通常给这些动词所加的现在时形式，作为一般命题传达的意思是对的，却不是其原本的形态——即对已然发生、且可预料还会再度发生之事的描述。——格塞尼乌斯（Gesenius）与若干更早的作者所取的译法「当」（而非「因为」），之所以不可采纳，只是因为它无端偏离了该虚词的通'
[40#11] 斜体 * 数量不符 16 → 12；漏译的英文词 enallage
  EN: '*Upon a high mountain get thee up, bringer of good news, Zion! Raise with strength thy voice, bringer of good news, Jerusalem! Raise (it), fear not, say to the '
  ZH: '*上高山去罢，报好信息的锡安哪！极力扬起你的声音，报好信息的耶路撒冷哪！扬声罢，不要惧怕，对犹大的城邑说，看哪，你们的神！*「上……去罢」这一反身形式虽非字面直译，却与希伯来原文的说法*（为你自己*或*为你自身而上）*相当，是惯用语上的对应。有人以为此处暗指在山顶或山坡上向大群会众讲话的习惯（见士师记 9:7；申命记 '
[40#13] 漏译的英文词 fcetas、nib
  EN: '*Like a shepherd his flock will he feed, with his arm will he gather the lambs, and in his bosom carry (them); the nursing (ewes) he will (gently) lead.* Althou'
  ZH: '*他必像牧人牧养自己的羊群，用膀臂聚集羊羔，抱在怀中；乳养的（母羊）他必（缓缓）引领。*这一节的意思虽然明白，译起来却不容易，因为所用的词各有其独特的贴切与含义。那译作*牧养*的字，指牧人对羊群的全部照料，因此在英文里没有确切的对应词。*用膀臂聚集*与我们说的「抱起在臂弯里」极为接近，虽不完全相同。*抱在怀中*所表达的'
[40#14] 斜体 * 数量不符 65 → 63；漏译的英文词 Rosenm、all、balance、bilanx、inyov
  EN: '*Who hath measured the waters in the hollow of his hand, and meted out heaven with the span, and comprehended in a measure the dust of the earth, and weighed in'
  ZH: '*谁曾用手心量诸水，用虎口量苍天，用量器容装地上的尘土，用秤称山岭，用天平称冈陵呢？* 关于此处所表达的总意，历来有两种截然相反的看法。格塞尼乌斯（Gesenius）与其他人把这一问句理解为间接否定，意即此处所描述之事根本无人能行。照这一假设，隐含的回答是：无人能行；全节便等于一声惊叹：神的作为何其浩大！另一种也是较为'
[40#4] 漏译的英文词 Rosenm
  EN: '*Speak to* (or *according to) the heart of Jerusalem, and cry to her, that her warfare is accomplished, that her iniquity is pardoned, that she hath received fr'
  ZH: '*对耶路撒冷说*（或*照着）耶路撒冷的心说，向她呼喊：她的服役已经完毕，她的罪孽已蒙悦纳，她为一切的罪已从耶和华手中加倍受了。* 所谓向心说话，我们应当理解为：所说的话足以打动人心、感动情感，同时又合乎人心、合乎其所愿，即所对之人渴望听见、或需要听见的话。此处的耶路撒冷代表教会或选民，耶路撒冷是他们的都城，而这地方本身'
[40#6] 漏译的英文词 ria
  EN: '*Every valley shall be raised and every mountain and hill brought low, and the uneven shall become level and the ridges a plain.* This may be considered as an e'
  ZH: '*一切山谷都要升高，一切大山小山都要降低，高低不平的要变为平坦，山脊要变为平原。* 这可看作是对预备主的道路之方式的说明。格罗提乌斯（Grotius）认为本章开头的命令语气仍在延续（*愿一切山谷*等等），最近的德国学者对本节也作同样的解释，只是他们把新的命令置于前一节。下一个动词的形式（rrrn）虽与这种解释并非不合，'
[40#13] 漏译的英文词 nib
  EN: '*Like a shepherd his flock will he feed, with his arm will he gather the lambs, and in his bosom carry (them); the nursing (ewes) he will (gently) lead.* Althou'
  ZH: '*他必像牧人牧养他的羊群，用膀臂聚集羊羔，怀中抱（它们）；那乳养的（母羊）他必（温柔地）引领。*本节的意思虽然明白，翻译起来却不容易，因为所用的词语各有其独特的贴切与含蕴。那个被正确地译作*牧养*的词，指牧人对羊群的全部照料，因此在英文里没有确切的对应词。*用膀臂聚集*与我们「抱在臂中」这一说法极为接近，虽不完全相同。'
[40#14] 漏译的英文词 Rosenm、all、balance、bilanx、scales
  EN: '*Who hath measured the waters in the hollow of his hand, and meted out heaven with the span, and comprehended in a measure the dust of the earth, and weighed in'
  ZH: '*谁曾用手心量诸水，用虎口量苍天，用量器盛地上的尘土，用秤称过诸山，用天平称过冈陵？*关于此处所表达的总意，有两种截然相反的看法。格塞尼乌斯（Gesenius）等人把这问句理解为间接的否定，即否定有人能行此处所描写之事。照此假设，暗含的答案是「无人」，全节便等于一声惊叹：神的作为何其浩大！另一种、也是更通行的解释则如此'
[40#19] 斜体 * 数量不符 60 → 58
  EN: '*All the nations as nothing before him, less than nothing and vanity are counted to him.* The proposition of v. 15 is repeated, but in still more absolute and u'
  ZH: '*万国在他面前如无有，比无有与虚空还少，被算给他。* 第 15 节的命题在此重述，措辞却更加绝对、更加普遍。他不说*列国，*而说*万国；*他也不再把它们比作沙粒或水滴，而是径直否认它们的存在。*在他面前*并非仅指在他眼中或在他的看法里，而是与他相比；נגד 的本义正含有把两个对象并置、对举以作比较的意思。与之平行的 ל'
[40#21] 斜体 * 数量不符 24 → 22
  EN: '*The image a carver has wrought, and a gilder with gold shall overlay it, and chains of silver (he is) casting.* The ambiguous construction of the first clause '
  ZH: '*匠人所雕的像，镀金者要用金包裹它，又铸造银链。* 首句在原文中的构造同样含混，我们既可补出一个关系词，也可把它当作一句独立的命题。支持前一种读法的理由是：这种省略在希伯来文与英文中都常见，而且这样一来，本节便直接回答了前一节的问题。你们要拿什么与这样一位神相比？拿一个普通工匠所造的像。这样读也能说明何以*像*一词置于'
[40#22] 漏译的英文词 ude
  EN: '*(As for) the (man) impoverished (by) offering, a tree (that) will not rot he chooses, a wise carver he seeks for it, to set up an image (that) shall not be mov'
  ZH: '*（至于）那因供物而贫穷的（人），他拣选一棵不会朽坏的树，为它寻找一位有智慧的雕匠，要立起一座不能动摇的像。*富人把金银浪费在偶像上，穷人在木头上也同样挥霍无度。סכן 的各种通常含义在此处都不合适。拉比约拿（Rabbi Jonah）由名词 מסכנות *（宝藏、储藏）* 推出 *富足的* 之义，而近代诸家则一致取相'
[40#23] 漏译的英文词 xoiJ
  EN: '*Will you not know I will you not hear? has it not been told you from the first? have you not understood the foundations* (or *from the foundations) of the eart'
  ZH: '*你们岂不要知道？你们岂不要听见？岂没有从起初就告诉你们吗？你们岂不明白地的根基*（或作*从地的根基）？*第一分句中两个动词的时态，历来的解经者作过各式各样、且多半出于任意的解释。英文译本及另外一些译本把两个将来时都换成过去时*（你们岂不曾知道？你们岂不曾听见？）*，既无充分理由，也无根据。此处附加的过去时 הֻגַּ'
[40#33] 斜体 * 数量不符 46 → 48；漏译的英文词 tais
  EN: '*And* (on the other hand) *those waiting for Jehovah shall gain new strength; they shall raise the pinion like the eagles, they shall run and not be weary, they'
  ZH: '*而*（在另一面）*那些等候耶和华的必换得新力；他们必如鹰鼓起翎翅，他们必奔跑却不困倦，他们必行走却不疲乏。*本节与前节之间有鲜明的对照，因此英文里用 *but*（但）是有理的，虽然原文并无此字。קוה 是*等候*或*盼望*之意，含有信心与忍耐。这也是英文旧日 *to wait upon*（伺候、等候）一语的意思，用于'
