ch4: 块 523  需译 467  缓存命中 74  英文 208,039 字符
    [tok] #1 入 2,426（新缓存 2,424 / 读缓存 0） 出 825 = 3,251 | 累计 3,251 tok $0.047
  已翻 3/393 段
    [tok] #2 入 2,729（新缓存 1,343 / 读缓存 1,384） 出 1,158 = 3,887 | 累计 7,138 tok $0.091
  已翻 6/393 段
    [tok] #3 入 2,293（新缓存 907 / 读缓存 1,384） 出 666 = 2,959 | 累计 10,097 tok $0.119
  已翻 9/393 段
    [tok] #4 入 1,973（新缓存 587 / 读缓存 1,384） 出 329 = 2,302 | 累计 12,399 tok $0.136
  已翻 12/393 段
    [tok] #5 入 1,935（新缓存 549 / 读缓存 1,384） 出 312 = 2,247 | 累计 14,646 tok $0.151
  已翻 15/393 段
    [tok] #6 入 1,947（新缓存 561 / 读缓存 1,384） 出 346 = 2,293 | 累计 16,939 tok $0.167
  已翻 18/393 段
    [tok] #7 入 2,343（新缓存 957 / 读缓存 1,384） 出 717 = 3,060 | 累计 19,999 tok $0.197
  已翻 21/393 段
    [tok] #8 入 2,078（新缓存 692 / 读缓存 1,384） 出 424 = 2,502 | 累计 22,501 tok $0.216
  已翻 24/393 段
    [tok] #9 入 1,910（新缓存 524 / 读缓存 1,384） 出 287 = 2,197 | 累计 24,698 tok $0.231
  已翻 27/393 段
    [tok] #10 入 2,004（新缓存 618 / 读缓存 1,384） 出 292 = 2,296 | 累计 26,994 tok $0.246
  已翻 30/393 段
    [tok] #11 入 2,021（新缓存 635 / 读缓存 1,384） 出 368 = 2,389 | 累计 29,383 tok $0.264
  已翻 33/393 段
    [tok] #12 入 2,318（新缓存 932 / 读缓存 1,384） 出 723 = 3,041 | 累计 32,424 tok $0.294
  已翻 36/393 段
    [tok] #13 入 2,287（新缓存 901 / 读缓存 1,384） 出 677 = 2,964 | 累计 35,388 tok $0.322
  已翻 39/393 段
    [tok] #14 入 2,576（新缓存 1,190 / 读缓存 1,384） 出 1,436 = 4,012 | 累计 39,400 tok $0.372
  已翻 42/393 段
    [tok] #15 入 2,126（新缓存 740 / 读缓存 1,384） 出 518 = 2,644 | 累计 42,044 tok $0.394
  已翻 45/393 段
    [tok] #16 入 2,150（新缓存 764 / 读缓存 1,384） 出 564 = 2,714 | 累计 44,758 tok $0.418
  已翻 48/393 段
    [tok] #17 入 3,104（新缓存 1,718 / 读缓存 1,384） 出 1,601 = 4,705 | 累计 49,463 tok $0.478
  已翻 51/393 段
    [tok] #18 入 2,097（新缓存 711 / 读缓存 1,384） 出 491 = 2,588 | 累计 52,051 tok $0.500
  已翻 54/393 段
    [tok] #19 入 2,748（新缓存 1,362 / 读缓存 1,384） 出 1,118 = 3,866 | 累计 55,917 tok $0.544
  已翻 57/393 段
    [tok] #20 入 2,241（新缓存 855 / 读缓存 1,384） 出 866 = 3,107 | 累计 59,024 tok $0.576
  已翻 60/393 段
    [tok] #21 入 1,780（新缓存 394 / 读缓存 1,384） 出 121 = 1,901 | 累计 60,925 tok $0.585
  已翻 63/393 段
    [tok] #22 入 2,014（新缓存 628 / 读缓存 1,384） 出 718 = 2,732 | 累计 63,657 tok $0.611
  已翻 66/393 段
    [tok] #23 入 2,040（新缓存 654 / 读缓存 1,384） 出 412 = 2,452 | 累计 66,109 tok $0.630
  已翻 69/393 段
    [tok] #24 入 2,297（新缓存 911 / 读缓存 1,384） 出 937 = 3,234 | 累计 69,343 tok $0.665
  已翻 72/393 段
    [tok] #25 入 1,865（新缓存 479 / 读缓存 1,384） 出 231 = 2,096 | 累计 71,439 tok $0.677
  已翻 75/393 段
    [tok] #26 入 1,804（新缓存 418 / 读缓存 1,384） 出 170 = 1,974 | 累计 73,413 tok $0.688
  已翻 78/393 段
    [tok] #27 入 2,125（新缓存 739 / 读缓存 1,384） 出 354 = 2,479 | 累计 75,892 tok $0.706
  已翻 81/393 段
    [tok] #28 入 2,141（新缓存 755 / 读缓存 1,384） 出 477 = 2,618 | 累计 78,510 tok $0.728
  已翻 84/393 段
    [tok] #29 入 2,023（新缓存 637 / 读缓存 1,384） 出 420 = 2,443 | 累计 80,953 tok $0.747
  已翻 87/393 段
    [tok] #30 入 2,683（新缓存 1,297 / 读缓存 1,384） 出 2,005 = 4,688 | 累计 85,641 tok $0.812
  已翻 90/393 段
    [tok] #31 入 2,538（新缓存 1,152 / 读缓存 1,384） 出 927 = 3,465 | 累计 89,106 tok $0.849
  已翻 93/393 段
    [tok] #32 入 2,058（新缓存 672 / 读缓存 1,384） 出 396 = 2,454 | 累计 91,560 tok $0.868
  已翻 96/393 段
    [tok] #33 入 2,712（新缓存 1,326 / 读缓存 1,384） 出 1,328 = 4,040 | 累计 95,600 tok $0.917
  已翻 99/393 段
    [tok] #34 入 2,494（新缓存 1,108 / 读缓存 1,384） 出 816 = 3,310 | 累计 98,910 tok $0.951
  已翻 102/393 段
    [tok] #35 入 1,946（新缓存 560 / 读缓存 1,384） 出 317 = 2,263 | 累计 101,173 tok $0.966
  已翻 105/393 段
    [tok] #36 入 2,019（新缓存 633 / 读缓存 1,384） 出 402 = 2,421 | 累计 103,594 tok $0.985
  已翻 108/393 段
    [tok] #37 入 2,251（新缓存 865 / 读缓存 1,384） 出 566 = 2,817 | 累计 106,411 tok $1.010
  已翻 111/393 段
    [tok] #38 入 2,498（新缓存 1,112 / 读缓存 1,384） 出 935 = 3,433 | 累计 109,844 tok $1.047
  已翻 114/393 段
    [tok] #39 入 2,967（新缓存 1,581 / 读缓存 1,384） 出 1,316 = 4,283 | 累计 114,127 tok $1.098
  已翻 117/393 段
    [tok] #40 入 2,485（新缓存 1,099 / 读缓存 1,384） 出 809 = 3,294 | 累计 117,421 tok $1.132
  已翻 120/393 段
    [tok] #41 入 1,865（新缓存 479 / 读缓存 1,384） 出 132 = 1,997 | 累计 119,418 tok $1.142
  已翻 123/393 段
    [tok] #42 入 2,563（新缓存 1,177 / 读缓存 1,384） 出 1,283 = 3,846 | 累计 123,264 tok $1.188
  已翻 126/393 段
    [tok] #43 入 3,472（新缓存 2,086 / 读缓存 1,384） 出 2,341 = 5,813 | 累计 129,077 tok $1.271
  已翻 129/393 段
    [tok] #44 入 2,792（新缓存 1,406 / 读缓存 1,384） 出 1,139 = 3,931 | 累计 133,008 tok $1.316
  已翻 132/393 段
    [tok] #45 入 2,392（新缓存 1,006 / 读缓存 1,384） 出 767 = 3,159 | 累计 136,167 tok $1.347
  已翻 135/393 段
    [tok] #46 入 2,402（新缓存 1,016 / 读缓存 1,384） 出 1,016 = 3,418 | 累计 139,585 tok $1.385
  已翻 138/393 段
    [tok] #47 入 2,233（新缓存 847 / 读缓存 1,384） 出 949 = 3,182 | 累计 142,767 tok $1.420
  已翻 141/393 段
    [tok] #48 入 2,035（新缓存 649 / 读缓存 1,384） 出 327 = 2,362 | 累计 145,129 tok $1.436
  已翻 144/393 段
    [tok] #49 入 1,847（新缓存 461 / 读缓存 1,384） 出 194 = 2,041 | 累计 147,170 tok $1.448
  已翻 147/393 段
    [tok] #50 入 2,004（新缓存 618 / 读缓存 1,384） 出 361 = 2,365 | 累计 149,535 tok $1.465
  已翻 150/393 段
    [tok] #51 入 2,191（新缓存 805 / 读缓存 1,384） 出 510 = 2,701 | 累计 152,236 tok $1.488
  已翻 153/393 段
    [tok] #52 入 2,050（新缓存 664 / 读缓存 1,384） 出 434 = 2,484 | 累计 154,720 tok $1.507
  已翻 156/393 段
    [tok] #53 入 2,065（新缓存 679 / 读缓存 1,384） 出 415 = 2,480 | 累计 157,200 tok $1.527
  已翻 159/393 段
    [tok] #54 入 2,107（新缓存 721 / 读缓存 1,384） 出 489 = 2,596 | 累计 159,796 tok $1.548
  已翻 162/393 段
    [tok] #55 入 1,931（新缓存 545 / 读缓存 1,384） 出 292 = 2,223 | 累计 162,019 tok $1.563
  已翻 165/393 段
    [tok] #56 入 2,356（新缓存 970 / 读缓存 1,384） 出 708 = 3,064 | 累计 165,083 tok $1.593
  已翻 168/393 段
    [tok] #57 入 2,138（新缓存 752 / 读缓存 1,384） 出 512 = 2,650 | 累计 167,733 tok $1.615
  已翻 171/393 段
    [tok] #58 入 2,347（新缓存 961 / 读缓存 1,384） 出 520 = 2,867 | 累计 170,600 tok $1.640
  已翻 174/393 段
    [tok] #59 入 2,445（新缓存 1,059 / 读缓存 1,384） 出 816 = 3,261 | 累计 173,861 tok $1.673
  已翻 177/393 段
    [tok] #60 入 2,175（新缓存 789 / 读缓存 1,384） 出 536 = 2,711 | 累计 176,572 tok $1.697
  已翻 180/393 段
    [tok] #61 入 2,205（新缓存 819 / 读缓存 1,384） 出 580 = 2,785 | 累计 179,357 tok $1.722
  已翻 183/393 段
    [tok] #62 入 2,215（新缓存 829 / 读缓存 1,384） 出 573 = 2,788 | 累计 182,145 tok $1.746
  已翻 186/393 段
    [tok] #63 入 2,054（新缓存 668 / 读缓存 1,384） 出 411 = 2,465 | 累计 184,610 tok $1.765
  已翻 189/393 段
    [tok] #64 入 2,170（新缓存 784 / 读缓存 1,384） 出 543 = 2,713 | 累计 187,323 tok $1.789
  已翻 192/393 段
    [tok] #65 入 2,345（新缓存 959 / 读缓存 1,384） 出 790 = 3,135 | 累计 190,458 tok $1.820
  已翻 195/393 段
    [tok] #66 入 1,974（新缓存 588 / 读缓存 1,384） 出 357 = 2,331 | 累计 192,789 tok $1.837
  已翻 198/393 段
    [tok] #67 入 2,202（新缓存 816 / 读缓存 1,384） 出 575 = 2,777 | 累计 195,566 tok $1.862
  已翻 201/393 段
    [tok] #68 入 1,877（新缓存 491 / 读缓存 1,384） 出 223 = 2,100 | 累计 197,666 tok $1.874
  已翻 204/393 段
    [tok] #69 入 2,051（新缓存 665 / 读缓存 1,384） 出 421 = 2,472 | 累计 200,138 tok $1.893
  已翻 207/393 段
    [tok] #70 入 2,013（新缓存 627 / 读缓存 1,384） 出 375 = 2,388 | 累计 202,526 tok $1.911
  已翻 210/393 段
    [tok] #71 入 2,066（新缓存 680 / 读缓存 1,384） 出 336 = 2,402 | 累计 204,928 tok $1.928
  已翻 213/393 段
    [tok] #72 入 1,966（新缓存 580 / 读缓存 1,384） 出 355 = 2,321 | 累计 207,249 tok $1.945
  已翻 216/393 段
    [tok] #73 入 2,373（新缓存 987 / 读缓存 1,384） 出 797 = 3,170 | 累计 210,419 tok $1.977
  已翻 219/393 段
    [tok] #74 入 2,048（新缓存 662 / 读缓存 1,384） 出 424 = 2,472 | 累计 212,891 tok $1.996
  已翻 222/393 段
    [tok] #75 入 1,992（新缓存 606 / 读缓存 1,384） 出 360 = 2,352 | 累计 215,243 tok $2.014
  已翻 225/393 段
    [tok] #76 入 2,130（新缓存 744 / 读缓存 1,384） 出 521 = 2,651 | 累计 217,894 tok $2.036
  已翻 228/393 段
    [tok] #77 入 2,210（新缓存 824 / 读缓存 1,384） 出 379 = 2,589 | 累计 220,483 tok $2.056
  已翻 231/393 段
    [tok] #78 入 2,197（新缓存 811 / 读缓存 1,384） 出 584 = 2,781 | 累计 223,264 tok $2.081
  已翻 234/393 段
    [tok] #79 入 1,887（新缓存 501 / 读缓存 1,384） 出 242 = 2,129 | 累计 225,393 tok $2.094
  已翻 237/393 段
    [tok] #80 入 2,236（新缓存 850 / 读缓存 1,384） 出 618 = 2,854 | 累计 228,247 tok $2.120
  已翻 240/393 段
    [tok] #81 入 2,100（新缓存 714 / 读缓存 1,384） 出 502 = 2,602 | 累计 230,849 tok $2.142
  已翻 243/393 段
    [tok] #82 入 1,893（新缓存 507 / 读缓存 1,384） 出 340 = 2,233 | 累计 233,082 tok $2.157
  已翻 246/393 段
    [tok] #83 入 2,176（新缓存 790 / 读缓存 1,384） 出 529 = 2,705 | 累计 235,787 tok $2.181
  已翻 249/393 段
    [tok] #84 入 2,128（新缓存 742 / 读缓存 1,384） 出 520 = 2,648 | 累计 238,435 tok $2.203
  已翻 252/393 段
    [tok] #85 入 2,488（新缓存 1,102 / 读缓存 1,384） 出 1,234 = 3,722 | 累计 242,157 tok $2.247
  已翻 255/393 段
    [tok] #86 入 2,114（新缓存 728 / 读缓存 1,384） 出 478 = 2,592 | 累计 244,749 tok $2.269
  已翻 258/393 段
    [tok] #87 入 1,842（新缓存 456 / 读缓存 1,384） 出 195 = 2,037 | 累计 246,786 tok $2.280
  已翻 261/393 段
    [tok] #88 入 2,129（新缓存 743 / 读缓存 1,384） 出 362 = 2,491 | 累计 249,277 tok $2.299
  已翻 264/393 段
    [tok] #89 入 2,252（新缓存 866 / 读缓存 1,384） 出 627 = 2,879 | 累计 252,156 tok $2.325
  已翻 267/393 段
    [tok] #90 入 2,165（新缓存 779 / 读缓存 1,384） 出 557 = 2,722 | 累计 254,878 tok $2.349
  已翻 270/393 段
    [tok] #91 入 2,259（新缓存 873 / 读缓存 1,384） 出 551 = 2,810 | 累计 257,688 tok $2.374
  已翻 273/393 段
    [tok] #92 入 2,246（新缓存 860 / 读缓存 1,384） 出 648 = 2,894 | 累计 260,582 tok $2.401
  已翻 276/393 段
    [tok] #93 入 2,104（新缓存 718 / 读缓存 1,384） 出 324 = 2,428 | 累计 263,010 tok $2.418
  已翻 279/393 段
