ch1: 块 1490  需译 1398  缓存命中 816  英文 777,111 字符
    [tok] #1 入 2,378（新缓存 2,376 / 读缓存 0） 出 862 = 3,240 | 累计 3,240 tok $0.047
  已翻 3/582 段
    [tok] #2 入 3,006（新缓存 1,736 / 读缓存 1,268） 出 1,698 = 4,704 | 累计 7,944 tok $0.110
  已翻 6/582 段
    [tok] #3 入 2,132（新缓存 862 / 读缓存 1,268） 出 599 = 2,731 | 累计 10,675 tok $0.135
  已翻 9/582 段
    [tok] #4 入 2,469（新缓存 1,199 / 读缓存 1,268） 出 1,149 = 3,618 | 累计 14,293 tok $0.178
  已翻 12/582 段
    [tok] #5 入 3,424（新缓存 2,154 / 读缓存 1,268） 出 1,952 = 5,376 | 累计 19,669 tok $0.252
  已翻 15/582 段
    [tok] #6 入 2,747（新缓存 1,477 / 读缓存 1,268） 出 1,166 = 3,913 | 累计 23,582 tok $0.298
  已翻 18/582 段
    [tok] #7 入 2,063（新缓存 793 / 读缓存 1,268） 出 991 = 3,054 | 累计 26,636 tok $0.333
  已翻 21/582 段
    [tok] #8 入 2,609（新缓存 1,339 / 读缓存 1,268） 出 1,225 = 3,834 | 累计 30,470 tok $0.380
  已翻 24/582 段
    [tok] #9 入 2,551（新缓存 1,281 / 读缓存 1,268） 出 1,831 = 4,382 | 累计 34,852 tok $0.441
  已翻 27/582 段
    [tok] #10 入 2,549（新缓存 1,279 / 读缓存 1,268） 出 1,780 = 4,329 | 累计 39,181 tok $0.500
  已翻 30/582 段
    [tok] #11 入 2,884（新缓存 1,614 / 读缓存 1,268） 出 2,199 = 5,083 | 累计 44,264 tok $0.574
  已翻 33/582 段
    [tok] #12 入 2,599（新缓存 1,329 / 读缓存 1,268） 出 1,124 = 3,723 | 累计 47,987 tok $0.618
  已翻 36/582 段
    [tok] #13 入 1,998（新缓存 728 / 读缓存 1,268） 出 487 = 2,485 | 累计 50,472 tok $0.639
  已翻 39/582 段
    [tok] #14 入 1,942（新缓存 672 / 读缓存 1,268） 出 389 = 2,331 | 累计 52,803 tok $0.658
  已翻 42/582 段
    [tok] #15 入 2,636（新缓存 1,366 / 读缓存 1,268） 出 1,245 = 3,881 | 累计 56,684 tok $0.705
  已翻 45/582 段
    [tok] #16 入 2,277（新缓存 1,007 / 读缓存 1,268） 出 1,037 = 3,314 | 累计 59,998 tok $0.743
  已翻 48/582 段
    [tok] #17 入 2,645（新缓存 1,375 / 读缓存 1,268） 出 1,218 = 3,863 | 累计 63,861 tok $0.790
  已翻 51/582 段
    [tok] #18 入 2,388（新缓存 1,118 / 读缓存 1,268） 出 991 = 3,379 | 累计 67,240 tok $0.828
  已翻 54/582 段
    [tok] #19 入 1,920（新缓存 650 / 读缓存 1,268） 出 452 = 2,372 | 累计 69,612 tok $0.848
  已翻 57/582 段
    [tok] #20 入 2,039（新缓存 769 / 读缓存 1,268） 出 711 = 2,750 | 累计 72,362 tok $0.876
  已翻 60/582 段
    [tok] #21 入 2,556（新缓存 1,286 / 读缓存 1,268） 出 1,891 = 4,447 | 累计 76,809 tok $0.938
  已翻 63/582 段
    [tok] #22 入 2,578（新缓存 1,308 / 读缓存 1,268） 出 1,339 = 3,917 | 累计 80,726 tok $0.987
  已翻 66/582 段
    [tok] #23 入 1,771（新缓存 501 / 读缓存 1,268） 出 302 = 2,073 | 累计 82,799 tok $1.002
  已翻 69/582 段
    [tok] #24 入 2,542（新缓存 1,272 / 读缓存 1,268） 出 1,466 = 4,008 | 累计 86,807 tok $1.054
  已翻 72/582 段
    [tok] #25 入 1,987（新缓存 717 / 读缓存 1,268） 出 526 = 2,513 | 累计 89,320 tok $1.076
  已翻 75/582 段
    [tok] #26 入 2,478（新缓存 1,208 / 读缓存 1,268） 出 946 = 3,424 | 累计 92,744 tok $1.114
  已翻 78/582 段
    [tok] #27 入 2,825（新缓存 1,555 / 读缓存 1,268） 出 1,429 = 4,254 | 累计 96,998 tok $1.168
  已翻 81/582 段
    [tok] #28 入 2,336（新缓存 1,066 / 读缓存 1,268） 出 1,451 = 3,787 | 累计 100,785 tok $1.217
  已翻 84/582 段
    [tok] #29 入 2,248（新缓存 978 / 读缓存 1,268） 出 872 = 3,120 | 累计 103,905 tok $1.251
  已翻 87/582 段
    [tok] #30 入 2,839（新缓存 1,569 / 读缓存 1,268） 出 2,339 = 5,178 | 累计 109,083 tok $1.328
  已翻 90/582 段
    [tok] #31 入 2,297（新缓存 1,027 / 读缓存 1,268） 出 1,014 = 3,311 | 累计 112,394 tok $1.366
  已翻 93/582 段
    [tok] #32 入 2,194（新缓存 924 / 读缓存 1,268） 出 1,142 = 3,336 | 累计 115,730 tok $1.406
  已翻 96/582 段
    [tok] #33 入 2,004（新缓存 734 / 读缓存 1,268） 出 942 = 2,946 | 累计 118,676 tok $1.438
  已翻 99/582 段
    [tok] #34 入 2,249（新缓存 979 / 读缓存 1,268） 出 1,407 = 3,656 | 累计 122,332 tok $1.486
  已翻 102/582 段
    [tok] #35 入 1,996（新缓存 726 / 读缓存 1,268） 出 531 = 2,527 | 累计 124,859 tok $1.508
  已翻 105/582 段
    [tok] #36 入 2,185（新缓存 915 / 读缓存 1,268） 出 717 = 2,902 | 累计 127,761 tok $1.537
  已翻 108/582 段
    [tok] #37 入 2,187（新缓存 917 / 读缓存 1,268） 出 1,235 = 3,422 | 累计 131,183 tok $1.580
  已翻 111/582 段
    [tok] #38 入 2,598（新缓存 1,328 / 读缓存 1,268） 出 1,208 = 3,806 | 累计 134,989 tok $1.626
  已翻 114/582 段
    [tok] #39 入 1,927（新缓存 657 / 读缓存 1,268） 出 475 = 2,402 | 累计 137,391 tok $1.646
  已翻 117/582 段
    [tok] #40 入 2,239（新缓存 969 / 读缓存 1,268） 出 803 = 3,042 | 累计 140,433 tok $1.678
  已翻 120/582 段
    [tok] #41 入 2,307（新缓存 1,037 / 读缓存 1,268） 出 1,137 = 3,444 | 累计 143,877 tok $1.719
  已翻 123/582 段
    [tok] #42 入 1,925（新缓存 655 / 读缓存 1,268） 出 394 = 2,319 | 累计 146,196 tok $1.737
  已翻 126/582 段
    [tok] #43 入 2,230（新缓存 960 / 读缓存 1,268） 出 1,494 = 3,724 | 累计 149,920 tok $1.787
  已翻 129/582 段
    [tok] #44 入 1,968（新缓存 698 / 读缓存 1,268） 出 765 = 2,733 | 累计 152,653 tok $1.815
  已翻 132/582 段
    [tok] #45 入 2,049（新缓存 779 / 读缓存 1,268） 出 521 = 2,570 | 累计 155,223 tok $1.838
  已翻 135/582 段
    [tok] #46 入 1,949（新缓存 679 / 读缓存 1,268） 出 493 = 2,442 | 累计 157,665 tok $1.859
  已翻 138/582 段
    [tok] #47 入 2,181（新缓存 911 / 读缓存 1,268） 出 747 = 2,928 | 累计 160,593 tok $1.889
  已翻 141/582 段
    [tok] #48 入 2,158（新缓存 888 / 读缓存 1,268） 出 635 = 2,793 | 累计 163,386 tok $1.916
  已翻 144/582 段
    [tok] #49 入 2,892（新缓存 1,622 / 读缓存 1,268） 出 1,348 = 4,240 | 累计 167,626 tok $1.968
  已翻 147/582 段
    [tok] #50 入 1,965（新缓存 695 / 读缓存 1,268） 出 548 = 2,513 | 累计 170,139 tok $1.991
  已翻 150/582 段
    [tok] #51 入 2,221（新缓存 951 / 读缓存 1,268） 出 1,164 = 3,385 | 累计 173,524 tok $2.032
  已翻 153/582 段
    [tok] #52 入 2,139（新缓存 869 / 读缓存 1,268） 出 660 = 2,799 | 累计 176,323 tok $2.059
  已翻 156/582 段
    [tok] #53 入 1,885（新缓存 615 / 读缓存 1,268） 出 402 = 2,287 | 累计 178,610 tok $2.077
  已翻 159/582 段
    [tok] #54 入 1,925（新缓存 655 / 读缓存 1,268） 出 421 = 2,346 | 累计 180,956 tok $2.096
  已翻 162/582 段
    [tok] #55 入 2,260（新缓存 990 / 读缓存 1,268） 出 745 = 3,005 | 累计 183,961 tok $2.127
  已翻 165/582 段
    [tok] #56 入 2,456（新缓存 1,186 / 读缓存 1,268） 出 1,856 = 4,312 | 累计 188,273 tok $2.188
  已翻 168/582 段
    [tok] #57 入 2,131（新缓存 861 / 读缓存 1,268） 出 592 = 2,723 | 累计 190,996 tok $2.213
  已翻 171/582 段
    [tok] #58 入 2,175（新缓存 905 / 读缓存 1,268） 出 1,205 = 3,380 | 累计 194,376 tok $2.254
  已翻 174/582 段
    [tok] #59 入 2,526（新缓存 1,256 / 读缓存 1,268） 出 1,457 = 3,983 | 累计 198,359 tok $2.306
  已翻 177/582 段
    [tok] #60 入 1,860（新缓存 590 / 读缓存 1,268） 出 369 = 2,229 | 累计 200,588 tok $2.323
  已翻 180/582 段
    [tok] #61 入 2,182（新缓存 912 / 读缓存 1,268） 出 657 = 2,839 | 累计 203,427 tok $2.351
  已翻 183/582 段
    [tok] #62 入 2,145（新缓存 875 / 读缓存 1,268） 出 694 = 2,839 | 累计 206,266 tok $2.379
  已翻 186/582 段
    [tok] #63 入 1,867（新缓存 597 / 读缓存 1,268） 出 361 = 2,228 | 累计 208,494 tok $2.396
  已翻 189/582 段
    [tok] #64 入 2,181（新缓存 911 / 读缓存 1,268） 出 1,243 = 3,424 | 累计 211,918 tok $2.438
  已翻 192/582 段
    [tok] #65 入 2,480（新缓存 1,210 / 读缓存 1,268） 出 1,050 = 3,530 | 累计 215,448 tok $2.479
  已翻 195/582 段
    [tok] #66 入 2,400（新缓存 1,130 / 读缓存 1,268） 出 908 = 3,308 | 累计 218,756 tok $2.515
  已翻 198/582 段
    [tok] #67 入 3,154（新缓存 1,884 / 读缓存 1,268） 出 1,642 = 4,796 | 累计 223,552 tok $2.578
  已翻 201/582 段
    [tok] #68 入 2,855（新缓存 1,585 / 读缓存 1,268） 出 1,426 = 4,281 | 累计 227,833 tok $2.632
  已翻 204/582 段
    [tok] #69 入 2,362（新缓存 1,092 / 读缓存 1,268） 出 1,114 = 3,476 | 累计 231,309 tok $2.673
  已翻 207/582 段
    [tok] #70 入 2,028（新缓存 758 / 读缓存 1,268） 出 560 = 2,588 | 累计 233,897 tok $2.697
  已翻 210/582 段
    [tok] #71 入 3,675（新缓存 2,405 / 读缓存 1,268） 出 2,744 = 6,419 | 累计 240,316 tok $2.793
  已翻 213/582 段
    [tok] #72 入 2,063（新缓存 793 / 读缓存 1,268） 出 657 = 2,720 | 累计 243,036 tok $2.819
  已翻 216/582 段
    [tok] #73 入 2,816（新缓存 1,546 / 读缓存 1,268） 出 2,099 = 4,915 | 累计 247,951 tok $2.890
  已翻 219/582 段
    [tok] #74 入 2,526（新缓存 1,256 / 读缓存 1,268） 出 1,157 = 3,683 | 累计 251,634 tok $2.934
  已翻 222/582 段
    [tok] #75 入 2,615（新缓存 1,345 / 读缓存 1,268） 出 1,163 = 3,778 | 累计 255,412 tok $2.979
  已翻 225/582 段
    [tok] #76 入 2,749（新缓存 1,479 / 读缓存 1,268） 出 1,277 = 4,026 | 累计 259,438 tok $3.028
  已翻 228/582 段
    [tok] #77 入 2,163（新缓存 893 / 读缓存 1,268） 出 709 = 2,872 | 累计 262,310 tok $3.057
  已翻 231/582 段
    [tok] #78 入 2,390（新缓存 1,120 / 读缓存 1,268） 出 1,395 = 3,785 | 累计 266,095 tok $3.106
  已翻 234/582 段
    [tok] #79 入 2,119（新缓存 849 / 读缓存 1,268） 出 768 = 2,887 | 累计 268,982 tok $3.135
  已翻 237/582 段
    [tok] #80 入 2,193（新缓存 923 / 读缓存 1,268） 出 745 = 2,938 | 累计 271,920 tok $3.165
  已翻 240/582 段
    [tok] #81 入 1,914（新缓存 644 / 读缓存 1,268） 出 590 = 2,504 | 累计 274,424 tok $3.189
  已翻 243/582 段
    [tok] #82 入 2,488（新缓存 1,218 / 读缓存 1,268） 出 1,091 = 3,579 | 累计 278,003 tok $3.230
  已翻 246/582 段
    [tok] #83 入 2,222（新缓存 952 / 读缓存 1,268） 出 876 = 3,098 | 累计 281,101 tok $3.264
  已翻 249/582 段
    [tok] #84 入 2,162（新缓存 892 / 读缓存 1,268） 出 689 = 2,851 | 累计 283,952 tok $3.292
  已翻 252/582 段
    [tok] #85 入 2,240（新缓存 970 / 读缓存 1,268） 出 1,071 = 3,311 | 累计 287,263 tok $3.331
  已翻 255/582 段
    [tok] #86 入 2,823（新缓存 1,553 / 读缓存 1,268） 出 1,343 = 4,166 | 累计 291,429 tok $3.383
  已翻 258/582 段
    [tok] #87 入 1,764（新缓存 494 / 读缓存 1,268） 出 244 = 2,008 | 累计 293,437 tok $3.396
  已翻 261/582 段
    [tok] #88 入 2,015（新缓存 745 / 读缓存 1,268） 出 558 = 2,573 | 累计 296,010 tok $3.419
  已翻 264/582 段
    [tok] #89 入 2,489（新缓存 1,219 / 读缓存 1,268） 出 1,748 = 4,237 | 累计 300,247 tok $3.478
  已翻 267/582 段
    [tok] #90 入 1,858（新缓存 588 / 读缓存 1,268） 出 380 = 2,238 | 累计 302,485 tok $3.495
  已翻 270/582 段
    [tok] #91 入 2,385（新缓存 1,115 / 读缓存 1,268） 出 929 = 3,314 | 累计 305,799 tok $3.532
  已翻 273/582 段
    [tok] #92 入 2,091（新缓存 821 / 读缓存 1,268） 出 610 = 2,701 | 累计 308,500 tok $3.557
  已翻 276/582 段
    [tok] #93 入 2,363（新缓存 1,093 / 读缓存 1,268） 出 1,122 = 3,485 | 累计 311,985 tok $3.598
  已翻 279/582 段
    [tok] #94 入 2,479（新缓存 1,209 / 读缓存 1,268） 出 1,374 = 3,853 | 累计 315,838 tok $3.647
  已翻 282/582 段
    [tok] #95 入 2,227（新缓存 957 / 读缓存 1,268） 出 722 = 2,949 | 累计 318,787 tok $3.677
  已翻 285/582 段
    [tok] #96 入 2,478（新缓存 1,208 / 读缓存 1,268） 出 1,415 = 3,893 | 累计 322,680 tok $3.727
  已翻 288/582 段
    [tok] #97 入 2,316（新缓存 1,046 / 读缓存 1,268） 出 862 = 3,178 | 累计 325,858 tok $3.761
  已翻 291/582 段
    [tok] #98 入 1,937（新缓存 667 / 读缓存 1,268） 出 440 = 2,377 | 累计 328,235 tok $3.781
  已翻 294/582 段
    [tok] #99 入 2,430（新缓存 1,160 / 读缓存 1,268） 出 922 = 3,352 | 累计 331,587 tok $3.818
  已翻 297/582 段
    [tok] #100 入 1,843（新缓存 573 / 读缓存 1,268） 出 315 = 2,158 | 累计 333,745 tok $3.833
  已翻 300/582 段
    [tok] #101 入 2,075（新缓存 805 / 读缓存 1,268） 出 584 = 2,659 | 累计 336,404 tok $3.858
  已翻 303/582 段
    [tok] #102 入 2,017（新缓存 747 / 读缓存 1,268） 出 897 = 2,914 | 累计 339,318 tok $3.890
  已翻 306/582 段
    [tok] #103 入 2,328（新缓存 1,058 / 读缓存 1,268） 出 835 = 3,163 | 累计 342,481 tok $3.924
  已翻 309/582 段
    [tok] #104 入 2,337（新缓存 1,067 / 读缓存 1,268） 出 1,290 = 3,627 | 累计 346,108 tok $3.969
  已翻 312/582 段
    [tok] #105 入 2,518（新缓存 1,248 / 读缓存 1,268） 出 1,094 = 3,612 | 累计 349,720 tok $4.011
  已翻 315/582 段
    [tok] #106 入 2,334（新缓存 1,064 / 读缓存 1,268） 出 1,430 = 3,764 | 累计 353,484 tok $4.060
  已翻 318/582 段
    [tok] #107 入 2,249（新缓存 979 / 读缓存 1,268） 出 942 = 3,191 | 累计 356,675 tok $4.096
  已翻 321/582 段
    [tok] #108 入 2,587（新缓存 1,317 / 读缓存 1,268） 出 1,171 = 3,758 | 累计 360,433 tok $4.140
  已翻 324/582 段
    [tok] #109 入 2,369（新缓存 1,099 / 读缓存 1,268） 出 906 = 3,275 | 累计 363,708 tok $4.176
  已翻 327/582 段
    [tok] #110 入 2,551（新缓存 1,281 / 读缓存 1,268） 出 1,073 = 3,624 | 累计 367,332 tok $4.219
  已翻 330/582 段
    [tok] #111 入 2,536（新缓存 1,266 / 读缓存 1,268） 出 873 = 3,409 | 累计 370,741 tok $4.255
  已翻 333/582 段
    [tok] #112 入 2,979（新缓存 1,709 / 读缓存 1,268） 出 1,531 = 4,510 | 累计 375,251 tok $4.314
  已翻 336/582 段
    [tok] #113 入 2,202（新缓存 932 / 读缓存 1,268） 出 715 = 2,917 | 累计 378,168 tok $4.343
  已翻 339/582 段
    [tok] #114 入 2,164（新缓存 894 / 读缓存 1,268） 出 860 = 3,024 | 累计 381,192 tok $4.376
  已翻 342/582 段
    [tok] #115 入 2,098（新缓存 828 / 读缓存 1,268） 出 595 = 2,693 | 累计 383,885 tok $4.401
  已翻 345/582 段
    [tok] #116 入 2,606（新缓存 1,336 / 读缓存 1,268） 出 1,097 = 3,703 | 累计 387,588 tok $4.444
  已翻 348/582 段
    [tok] #117 入 2,602（新缓存 1,332 / 读缓存 1,268） 出 1,679 = 4,281 | 累计 391,869 tok $4.502
  已翻 351/582 段
    [tok] #118 入 2,801（新缓存 1,531 / 读缓存 1,268） 出 1,359 = 4,160 | 累计 396,029 tok $4.554
  已翻 354/582 段
    [tok] #119 入 2,346（新缓存 1,076 / 读缓存 1,268） 出 884 = 3,230 | 累计 399,259 tok $4.589
  已翻 357/582 段
    [tok] #120 入 2,401（新缓存 1,131 / 读缓存 1,268） 出 1,189 = 3,590 | 累计 402,849 tok $4.632
  已翻 360/582 段
    [tok] #121 入 2,885（新缓存 1,615 / 读缓存 1,268） 出 1,559 = 4,444 | 累计 407,293 tok $4.690
  已翻 363/582 段
    [tok] #122 入 1,853（新缓存 583 / 读缓存 1,268） 出 236 = 2,089 | 累计 409,382 tok $4.704
  已翻 366/582 段
    [tok] #123 入 2,415（新缓存 1,145 / 读缓存 1,268） 出 880 = 3,295 | 累计 412,677 tok $4.739
  已翻 369/582 段
    [tok] #124 入 2,588（新缓存 1,318 / 读缓存 1,268） 出 1,089 = 3,677 | 累计 416,354 tok $4.782
  已翻 372/582 段
    [tok] #125 入 2,233（新缓存 963 / 读缓存 1,268） 出 653 = 2,886 | 累计 419,240 tok $4.811
  已翻 375/582 段
    [tok] #126 入 2,433（新缓存 1,163 / 读缓存 1,268） 出 1,757 = 4,190 | 累计 423,430 tok $4.868
  已翻 378/582 段
    [tok] #127 入 2,731（新缓存 1,461 / 读缓存 1,268） 出 1,427 = 4,158 | 累计 427,588 tok $4.921
  已翻 381/582 段
    [tok] #128 入 2,722（新缓存 1,452 / 读缓存 1,268） 出 1,704 = 4,426 | 累计 432,014 tok $4.981
  已翻 384/582 段
    [tok] #129 入 2,160（新缓存 890 / 读缓存 1,268） 出 576 = 2,736 | 累计 434,750 tok $5.006
  已翻 387/582 段
    [tok] #130 入 2,548（新缓存 1,278 / 读缓存 1,268） 出 1,142 = 3,690 | 累计 438,440 tok $5.050
  已翻 390/582 段
    [tok] #131 入 2,373（新缓存 1,103 / 读缓存 1,268） 出 1,407 = 3,780 | 累计 442,220 tok $5.099
  已翻 393/582 段
    [tok] #132 入 2,502（新缓存 1,232 / 读缓存 1,268） 出 1,036 = 3,538 | 累计 445,758 tok $5.139
  已翻 396/582 段
    [tok] #133 入 2,607（新缓存 1,337 / 读缓存 1,268） 出 1,367 = 3,974 | 累计 449,732 tok $5.189
  已翻 399/582 段
    [tok] #134 入 2,328（新缓存 1,058 / 读缓存 1,268） 出 826 = 3,154 | 累计 452,886 tok $5.223
  已翻 402/582 段
    [tok] #135 入 2,391（新缓存 1,121 / 读缓存 1,268） 出 851 = 3,242 | 累计 456,128 tok $5.258
  已翻 405/582 段
    [tok] #136 入 2,170（新缓存 900 / 读缓存 1,268） 出 670 = 2,840 | 累计 458,968 tok $5.286
  已翻 408/582 段
    [tok] #137 入 2,435（新缓存 1,165 / 读缓存 1,268） 出 1,205 = 3,640 | 累计 462,608 tok $5.330
  已翻 411/582 段
    [tok] #138 入 2,170（新缓存 900 / 读缓存 1,268） 出 633 = 2,803 | 累计 465,411 tok $5.357
  已翻 414/582 段
    [tok] #139 入 2,274（新缓存 1,004 / 读缓存 1,268） 出 792 = 3,066 | 累计 468,477 tok $5.389
  已翻 417/582 段
    [tok] #140 入 2,134（新缓存 864 / 读缓存 1,268） 出 672 = 2,806 | 累计 471,283 tok $5.416
  已翻 420/582 段
    [tok] #141 入 2,795（新缓存 1,525 / 读缓存 1,268） 出 1,252 = 4,047 | 累计 475,330 tok $5.465
  已翻 423/582 段
    [tok] #142 入 2,727（新缓存 1,457 / 读缓存 1,268） 出 1,372 = 4,099 | 累计 479,429 tok $5.517
  已翻 426/582 段
    [tok] #143 入 2,599（新缓存 1,329 / 读缓存 1,268） 出 1,174 = 3,773 | 累计 483,202 tok $5.562
  已翻 429/582 段
    [tok] #144 入 2,316（新缓存 1,046 / 读缓存 1,268） 出 871 = 3,187 | 累计 486,389 tok $5.596
  已翻 432/582 段
    [tok] #145 入 2,452（新缓存 1,182 / 读缓存 1,268） 出 1,033 = 3,485 | 累计 489,874 tok $5.636
  已翻 435/582 段
    [tok] #146 入 3,274（新缓存 2,004 / 读缓存 1,268） 出 1,827 = 5,101 | 累计 494,975 tok $5.705
  已翻 438/582 段
