[40] 已判 10 页，$0.61
[50] 已判 20 页，$1.20
[60] 已判 30 页，$1.84
[70] 已判 40 页，$2.47
[80] 已判 50 页，$3.08
[90] 已判 60 页，$3.72
[100] 已判 70 页，$4.32
[110] 已判 80 页，$4.95
[120] 已判 90 页，$5.59
[130] 已判 100 页，$6.21
[140] 已判 110 页，$6.86
[150] 已判 120 页，$7.52
[160] 已判 130 页，$8.13
[170] 已判 140 页，$8.79
[180] 已判 150 页，$9.46
[190] 已判 160 页，$10.10
[200] 已判 170 页，$10.75
[210] 已判 180 页，$11.43
[220] 已判 190 页，$12.09
[230] 已判 200 页，$12.73
[240] 已判 210 页，$13.37
[250] 已判 220 页，$14.03
[260] 已判 230 页，$14.68
[270] 已判 240 页，$15.35
[280] 已判 250 页，$16.02
[290] 已判 260 页，$16.66
[300] 已判 270 页，$17.31
[310] 已判 280 页，$17.96
[320] 已判 290 页，$18.58
