==========================
=== Acts 22-28 translation 开始 2026-06-17 13:29:04
==========================

==========================
=== Acts 第 22 章 开始 2026-06-17 13:29:04
==========================

=== 第 22 章 ===
读取 /Users/yanpeifa/Documents/whcjb.github.io/calvin/acts-en/22.md
分类行类型...
各类型行数： {'pass': 146, 'body': 64, 'h1': 1, 'fn': 25}

共 90 段需要翻译，缓存目录: /Users/yanpeifa/Documents/whcjb.github.io/calvin_raw/acts-filibi/zh_cache
  翻译第 1–1 段（共 86 段未缓存）...
  翻译第 2–2 段（共 86 段未缓存）...
  翻译第 3–3 段（共 86 段未缓存）...
  翻译第 4–4 段（共 86 段未缓存）...
  翻译第 5–5 段（共 86 段未缓存）...
  翻译第 6–6 段（共 86 段未缓存）...
  翻译第 7–7 段（共 86 段未缓存）...
  翻译第 8–8 段（共 86 段未缓存）...
  翻译第 9–9 段（共 86 段未缓存）...
  翻译第 10–10 段（共 86 段未缓存）...
  翻译第 11–11 段（共 86 段未缓存）...
  翻译第 12–12 段（共 86 段未缓存）...
  翻译第 13–13 段（共 86 段未缓存）...
  翻译第 14–14 段（共 86 段未缓存）...
  翻译第 15–15 段（共 86 段未缓存）...
  翻译第 16–16 段（共 86 段未缓存）...
  翻译第 17–17 段（共 86 段未缓存）...
  翻译第 18–18 段（共 86 段未缓存）...
  翻译第 19–19 段（共 86 段未缓存）...
  翻译第 20–20 段（共 86 段未缓存）...
  翻译第 21–21 段（共 86 段未缓存）...
  翻译第 22–22 段（共 86 段未缓存）...
  翻译第 23–23 段（共 86 段未缓存）...
  翻译第 24–24 段（共 86 段未缓存）...
  翻译第 25–25 段（共 86 段未缓存）...
  翻译第 26–26 段（共 86 段未缓存）...
  翻译第 27–27 段（共 86 段未缓存）...
  翻译第 28–28 段（共 86 段未缓存）...
  翻译第 29–29 段（共 86 段未缓存）...
  翻译第 30–30 段（共 86 段未缓存）...
  翻译第 31–31 段（共 86 段未缓存）...
  翻译第 32–32 段（共 86 段未缓存）...
  翻译第 33–33 段（共 86 段未缓存）...
  翻译第 34–34 段（共 86 段未缓存）...
  翻译第 35–35 段（共 86 段未缓存）...
  翻译第 36–36 段（共 86 段未缓存）...
  翻译第 37–37 段（共 86 段未缓存）...
  翻译第 38–38 段（共 86 段未缓存）...
  翻译第 39–39 段（共 86 段未缓存）...
  翻译第 40–40 段（共 86 段未缓存）...
  翻译第 41–41 段（共 86 段未缓存）...
  翻译第 42–42 段（共 86 段未缓存）...
  翻译第 43–43 段（共 86 段未缓存）...
  翻译第 44–44 段（共 86 段未缓存）...
  翻译第 45–45 段（共 86 段未缓存）...
  翻译第 46–46 段（共 86 段未缓存）...
  翻译第 47–47 段（共 86 段未缓存）...
  翻译第 48–48 段（共 86 段未缓存）...
  翻译第 49–49 段（共 86 段未缓存）...
  翻译第 50–50 段（共 86 段未缓存）...
  翻译第 51–51 段（共 86 段未缓存）...
  翻译第 52–52 段（共 86 段未缓存）...
  翻译第 53–53 段（共 86 段未缓存）...
  翻译第 54–54 段（共 86 段未缓存）...
  翻译第 55–55 段（共 86 段未缓存）...
  翻译第 56–56 段（共 86 段未缓存）...
  翻译第 57–57 段（共 86 段未缓存）...
  翻译第 58–58 段（共 86 段未缓存）...
  翻译第 59–59 段（共 86 段未缓存）...
  翻译第 60–60 段（共 86 段未缓存）...
  翻译第 61–61 段（共 86 段未缓存）...
  翻译第 62–62 段（共 86 段未缓存）...
  翻译第 63–63 段（共 86 段未缓存）...
  翻译第 64–64 段（共 86 段未缓存）...
  翻译第 65–65 段（共 86 段未缓存）...
  翻译第 66–66 段（共 86 段未缓存）...
  翻译第 67–67 段（共 86 段未缓存）...
  翻译第 68–68 段（共 86 段未缓存）...
  翻译第 69–69 段（共 86 段未缓存）...
  翻译第 70–70 段（共 86 段未缓存）...
  翻译第 71–71 段（共 86 段未缓存）...
  翻译第 72–72 段（共 86 段未缓存）...
  翻译第 73–73 段（共 86 段未缓存）...
  翻译第 74–74 段（共 86 段未缓存）...
  翻译第 75–75 段（共 86 段未缓存）...
  翻译第 76–76 段（共 86 段未缓存）...
  翻译第 77–77 段（共 86 段未缓存）...
  翻译第 78–78 段（共 86 段未缓存）...
  翻译第 79–79 段（共 86 段未缓存）...
  翻译第 80–80 段（共 86 段未缓存）...
  翻译第 81–81 段（共 86 段未缓存）...
  翻译第 82–82 段（共 86 段未缓存）...
  翻译第 83–83 段（共 86 段未缓存）...
  翻译第 84–84 段（共 86 段未缓存）...
  翻译第 85–85 段（共 86 段未缓存）...
  翻译第 86–86 段（共 86 段未缓存）...

重建 MD...

✓ 写入 /Users/yanpeifa/Documents/whcjb.github.io/calvin_raw/acts-filibi/zh_chapters/22.md  (37,956 bytes)
  段落翻译：90 段
  缓存命中：90，新翻译：0
=== 第 22 章 退出码 0 完成 2026-06-17 13:43:50 ===

==========================
=== Acts 第 23 章 开始 2026-06-17 13:43:50
==========================

=== 第 23 章 ===
读取 /Users/yanpeifa/Documents/whcjb.github.io/calvin/acts-en/23.md
分类行类型...
各类型行数： {'pass': 200, 'body': 80, 'h1': 1, 'fn': 40}

共 121 段需要翻译，缓存目录: /Users/yanpeifa/Documents/whcjb.github.io/calvin_raw/acts-filibi/zh_cache
  翻译第 1–1 段（共 116 段未缓存）...
  翻译第 2–2 段（共 116 段未缓存）...
  翻译第 3–3 段（共 116 段未缓存）...
  翻译第 4–4 段（共 116 段未缓存）...
  翻译第 5–5 段（共 116 段未缓存）...
  翻译第 6–6 段（共 116 段未缓存）...
  翻译第 7–7 段（共 116 段未缓存）...
  翻译第 8–8 段（共 116 段未缓存）...
  翻译第 9–9 段（共 116 段未缓存）...
  翻译第 10–10 段（共 116 段未缓存）...
  翻译第 11–11 段（共 116 段未缓存）...
  翻译第 12–12 段（共 116 段未缓存）...
  翻译第 13–13 段（共 116 段未缓存）...
  翻译第 14–14 段（共 116 段未缓存）...
  翻译第 15–15 段（共 116 段未缓存）...
  翻译第 16–16 段（共 116 段未缓存）...
  翻译第 17–17 段（共 116 段未缓存）...
  翻译第 18–18 段（共 116 段未缓存）...
  翻译第 19–19 段（共 116 段未缓存）...
  翻译第 20–20 段（共 116 段未缓存）...
  翻译第 21–21 段（共 116 段未缓存）...
  翻译第 22–22 段（共 116 段未缓存）...
  翻译第 23–23 段（共 116 段未缓存）...
  翻译第 24–24 段（共 116 段未缓存）...
  翻译第 25–25 段（共 116 段未缓存）...
  翻译第 26–26 段（共 116 段未缓存）...
  翻译第 27–27 段（共 116 段未缓存）...
  翻译第 28–28 段（共 116 段未缓存）...
  翻译第 29–29 段（共 116 段未缓存）...
  翻译第 30–30 段（共 116 段未缓存）...
  翻译第 31–31 段（共 116 段未缓存）...
  翻译第 32–32 段（共 116 段未缓存）...
  翻译第 33–33 段（共 116 段未缓存）...
  翻译第 34–34 段（共 116 段未缓存）...
  翻译第 35–35 段（共 116 段未缓存）...
  翻译第 36–36 段（共 116 段未缓存）...
  翻译第 37–37 段（共 116 段未缓存）...
  翻译第 38–38 段（共 116 段未缓存）...
  翻译第 39–39 段（共 116 段未缓存）...
  翻译第 40–40 段（共 116 段未缓存）...
  翻译第 41–41 段（共 116 段未缓存）...
  翻译第 42–42 段（共 116 段未缓存）...
  翻译第 43–43 段（共 116 段未缓存）...
  翻译第 44–44 段（共 116 段未缓存）...
  翻译第 45–45 段（共 116 段未缓存）...
  翻译第 46–46 段（共 116 段未缓存）...
  翻译第 47–47 段（共 116 段未缓存）...
  翻译第 48–48 段（共 116 段未缓存）...
  翻译第 49–49 段（共 116 段未缓存）...
  翻译第 50–50 段（共 116 段未缓存）...
  翻译第 51–51 段（共 116 段未缓存）...
  翻译第 52–52 段（共 116 段未缓存）...
  翻译第 53–53 段（共 116 段未缓存）...
  翻译第 54–54 段（共 116 段未缓存）...
  翻译第 55–55 段（共 116 段未缓存）...
  翻译第 56–56 段（共 116 段未缓存）...
  翻译第 57–57 段（共 116 段未缓存）...
  翻译第 58–58 段（共 116 段未缓存）...
  翻译第 59–59 段（共 116 段未缓存）...
  翻译第 60–60 段（共 116 段未缓存）...
  翻译第 61–61 段（共 116 段未缓存）...
  翻译第 62–62 段（共 116 段未缓存）...
  翻译第 63–63 段（共 116 段未缓存）...
  翻译第 64–64 段（共 116 段未缓存）...
  翻译第 65–65 段（共 116 段未缓存）...
  翻译第 66–66 段（共 116 段未缓存）...
  翻译第 67–67 段（共 116 段未缓存）...
  翻译第 68–68 段（共 116 段未缓存）...
  翻译第 69–69 段（共 116 段未缓存）...
  翻译第 70–70 段（共 116 段未缓存）...
  翻译第 71–71 段（共 116 段未缓存）...
  翻译第 72–72 段（共 116 段未缓存）...
  翻译第 73–73 段（共 116 段未缓存）...
  翻译第 74–74 段（共 116 段未缓存）...
  翻译第 75–75 段（共 116 段未缓存）...
  翻译第 76–76 段（共 116 段未缓存）...
  翻译第 77–77 段（共 116 段未缓存）...
  翻译第 78–78 段（共 116 段未缓存）...
  翻译第 79–79 段（共 116 段未缓存）...
  翻译第 80–80 段（共 116 段未缓存）...
  翻译第 81–81 段（共 116 段未缓存）...
  翻译第 82–82 段（共 116 段未缓存）...
  翻译第 83–83 段（共 116 段未缓存）...
  翻译第 84–84 段（共 116 段未缓存）...
  翻译第 85–85 段（共 116 段未缓存）...
  翻译第 86–86 段（共 116 段未缓存）...
  翻译第 87–87 段（共 116 段未缓存）...
  翻译第 88–88 段（共 116 段未缓存）...
  翻译第 89–89 段（共 116 段未缓存）...
  翻译第 90–90 段（共 116 段未缓存）...
  翻译第 91–91 段（共 116 段未缓存）...
  翻译第 92–92 段（共 116 段未缓存）...
  翻译第 93–93 段（共 116 段未缓存）...
  翻译第 94–94 段（共 116 段未缓存）...
  翻译第 95–95 段（共 116 段未缓存）...
  翻译第 96–96 段（共 116 段未缓存）...
  翻译第 97–97 段（共 116 段未缓存）...
  翻译第 98–98 段（共 116 段未缓存）...
  翻译第 99–99 段（共 116 段未缓存）...
  翻译第 100–100 段（共 116 段未缓存）...
  翻译第 101–101 段（共 116 段未缓存）...
  翻译第 102–102 段（共 116 段未缓存）...
  翻译第 103–103 段（共 116 段未缓存）...
  翻译第 104–104 段（共 116 段未缓存）...
  翻译第 105–105 段（共 116 段未缓存）...
  翻译第 106–106 段（共 116 段未缓存）...
  翻译第 107–107 段（共 116 段未缓存）...
  翻译第 108–108 段（共 116 段未缓存）...
  翻译第 109–109 段（共 116 段未缓存）...
  翻译第 110–110 段（共 116 段未缓存）...
  翻译第 111–111 段（共 116 段未缓存）...
  翻译第 112–112 段（共 116 段未缓存）...
  翻译第 113–113 段（共 116 段未缓存）...
  翻译第 114–114 段（共 116 段未缓存）...
  翻译第 115–115 段（共 116 段未缓存）...
  翻译第 116–116 段（共 116 段未缓存）...

重建 MD...

✓ 写入 /Users/yanpeifa/Documents/whcjb.github.io/calvin_raw/acts-filibi/zh_chapters/23.md  (49,134 bytes)
  段落翻译：121 段
  缓存命中：121，新翻译：0
=== 第 23 章 退出码 0 完成 2026-06-17 14:02:40 ===

==========================
=== Acts 第 24 章 开始 2026-06-17 14:02:40
==========================

=== 第 24 章 ===
读取 /Users/yanpeifa/Documents/whcjb.github.io/calvin/acts-en/24.md
分类行类型...
各类型行数： {'pass': 147, 'body': 47, 'h1': 1, 'fn': 36}

共 84 段需要翻译，缓存目录: /Users/yanpeifa/Documents/whcjb.github.io/calvin_raw/acts-filibi/zh_cache
  翻译第 1–1 段（共 78 段未缓存）...
  翻译第 2–2 段（共 78 段未缓存）...
  翻译第 3–3 段（共 78 段未缓存）...
  翻译第 4–4 段（共 78 段未缓存）...
  翻译第 5–5 段（共 78 段未缓存）...
==========================
=== Acts 第 24 章 继续 2026-06-17 16:51:13
==========================

=== 第 24 章 ===
读取 /Users/yanpeifa/Documents/whcjb.github.io/calvin/acts-en/24.md
分类行类型...
各类型行数： {'pass': 147, 'body': 47, 'h1': 1, 'fn': 36}

共 84 段需要翻译，缓存目录: /Users/yanpeifa/Documents/whcjb.github.io/calvin_raw/acts-filibi/zh_cache
  翻译第 1–1 段（共 74 段未缓存）...
  翻译第 2–2 段（共 74 段未缓存）...
  翻译第 3–3 段（共 74 段未缓存）...
  翻译第 4–4 段（共 74 段未缓存）...
  翻译第 5–5 段（共 74 段未缓存）...
  翻译第 6–6 段（共 74 段未缓存）...
  翻译第 7–7 段（共 74 段未缓存）...
  翻译第 8–8 段（共 74 段未缓存）...
  翻译第 9–9 段（共 74 段未缓存）...
  翻译第 10–10 段（共 74 段未缓存）...
  翻译第 11–11 段（共 74 段未缓存）...
  翻译第 12–12 段（共 74 段未缓存）...
  翻译第 13–13 段（共 74 段未缓存）...
  翻译第 14–14 段（共 74 段未缓存）...
  翻译第 15–15 段（共 74 段未缓存）...
  翻译第 16–16 段（共 74 段未缓存）...
  翻译第 17–17 段（共 74 段未缓存）...
  翻译第 18–18 段（共 74 段未缓存）...
  翻译第 19–19 段（共 74 段未缓存）...
  翻译第 20–20 段（共 74 段未缓存）...
  翻译第 21–21 段（共 74 段未缓存）...
  翻译第 22–22 段（共 74 段未缓存）...
  翻译第 23–23 段（共 74 段未缓存）...
  翻译第 24–24 段（共 74 段未缓存）...
  翻译第 25–25 段（共 74 段未缓存）...
  翻译第 26–26 段（共 74 段未缓存）...
  翻译第 27–27 段（共 74 段未缓存）...
  翻译第 28–28 段（共 74 段未缓存）...
  翻译第 29–29 段（共 74 段未缓存）...
  翻译第 30–30 段（共 74 段未缓存）...
  翻译第 31–31 段（共 74 段未缓存）...
  翻译第 32–32 段（共 74 段未缓存）...
  翻译第 33–33 段（共 74 段未缓存）...
  翻译第 34–34 段（共 74 段未缓存）...
  翻译第 35–35 段（共 74 段未缓存）...
  翻译第 36–36 段（共 74 段未缓存）...
  翻译第 37–37 段（共 74 段未缓存）...
  翻译第 38–38 段（共 74 段未缓存）...
  翻译第 39–39 段（共 74 段未缓存）...
  翻译第 40–40 段（共 74 段未缓存）...
  翻译第 41–41 段（共 74 段未缓存）...
  翻译第 42–42 段（共 74 段未缓存）...
  翻译第 43–43 段（共 74 段未缓存）...
  翻译第 44–44 段（共 74 段未缓存）...
  翻译第 45–45 段（共 74 段未缓存）...
  翻译第 46–46 段（共 74 段未缓存）...
  翻译第 47–47 段（共 74 段未缓存）...
  翻译第 48–48 段（共 74 段未缓存）...
  翻译第 49–49 段（共 74 段未缓存）...
  翻译第 50–50 段（共 74 段未缓存）...
  翻译第 51–51 段（共 74 段未缓存）...
  翻译第 52–52 段（共 74 段未缓存）...
  翻译第 53–53 段（共 74 段未缓存）...
  翻译第 54–54 段（共 74 段未缓存）...
  翻译第 55–55 段（共 74 段未缓存）...
  翻译第 56–56 段（共 74 段未缓存）...
  翻译第 57–57 段（共 74 段未缓存）...
  翻译第 58–58 段（共 74 段未缓存）...
  翻译第 59–59 段（共 74 段未缓存）...
  翻译第 60–60 段（共 74 段未缓存）...
  翻译第 61–61 段（共 74 段未缓存）...
  翻译第 62–62 段（共 74 段未缓存）...
  翻译第 63–63 段（共 74 段未缓存）...
  翻译第 64–64 段（共 74 段未缓存）...
  翻译第 65–65 段（共 74 段未缓存）...
  翻译第 66–66 段（共 74 段未缓存）...
  翻译第 67–67 段（共 74 段未缓存）...
  翻译第 68–68 段（共 74 段未缓存）...
  翻译第 69–69 段（共 74 段未缓存）...
  翻译第 70–70 段（共 74 段未缓存）...
  翻译第 71–71 段（共 74 段未缓存）...
  翻译第 72–72 段（共 74 段未缓存）...
  翻译第 73–73 段（共 74 段未缓存）...
  翻译第 74–74 段（共 74 段未缓存）...

重建 MD...

✓ 写入 /Users/yanpeifa/Documents/whcjb.github.io/calvin_raw/acts-filibi/zh_chapters/24.md  (38,200 bytes)
  段落翻译：84 段
  缓存命中：84，新翻译：0
=== 第 24 章 退出码 0 完成 2026-06-17 17:04:39 ===

==========================
=== publish 开始 2026-06-17 17:04:39
==========================
发现已译：preface=True, chapters=[1, 2, 3, 4, 5, 6, 7, 8, 9, 10, 11, 12, 13, 14, 15, 16, 17, 18, 19, 20, 21, 22, 23, 24] (共 24 章)
  写入 calvin/acts/preface.md  (36,437 bytes)
  写入 calvin/acts/1.md  (79,277 bytes)
  写入 calvin/acts/2.md  (120,186 bytes)
  写入 calvin/acts/3.md  (56,957 bytes)
  写入 calvin/acts/4.md  (55,939 bytes)
  写入 calvin/acts/5.md  (66,939 bytes)
  写入 calvin/acts/6.md  (38,532 bytes)
  写入 calvin/acts/7.md  (140,574 bytes)
  写入 calvin/acts/8.md  (83,919 bytes)
  写入 calvin/acts/9.md  (73,640 bytes)
  写入 calvin/acts/10.md  (98,431 bytes)
  写入 calvin/acts/11.md  (40,895 bytes)
  写入 calvin/acts/12.md  (35,296 bytes)
  写入 calvin/acts/13.md  (126,721 bytes)
  写入 calvin/acts/14.md  (59,304 bytes)
  写入 calvin/acts/15.md  (111,028 bytes)
  写入 calvin/acts/16.md  (72,950 bytes)
  写入 calvin/acts/17.md  (97,687 bytes)
  写入 calvin/acts/18.md  (50,977 bytes)
  写入 calvin/acts/19.md  (51,516 bytes)
  写入 calvin/acts/20.md  (64,213 bytes)
  写入 calvin/acts/21.md  (47,141 bytes)
  写入 calvin/acts/22.md  (37,925 bytes)
  写入 calvin/acts/23.md  (49,113 bytes)
  写入 calvin/acts/24.md  (38,139 bytes)
  写入 calvin/acts/index.html

✓ 发布完成 → calvin/acts/ (chapters=24)
质检：
  grep -n "<<<END>>>" calvin/acts/*.md     # 应无结果
  grep -c "^layout: calvin-en" calvin/acts/*.md
=== publish 完成 2026-06-17 17:04:40 ===

==========================
=== Acts 第 25 章 开始 2026-06-17 17:06:10
==========================

=== 第 25 章 ===
读取 /Users/yanpeifa/Documents/whcjb.github.io/calvin/acts-en/25.md
分类行类型...
各类型行数： {'pass': 85, 'body': 43, 'h1': 1, 'fn': 9}

共 53 段需要翻译，缓存目录: /Users/yanpeifa/Documents/whcjb.github.io/calvin_raw/acts-filibi/zh_cache
  翻译第 1–1 段（共 49 段未缓存）...
  翻译第 2–2 段（共 49 段未缓存）...
  翻译第 3–3 段（共 49 段未缓存）...
  翻译第 4–4 段（共 49 段未缓存）...
  翻译第 5–5 段（共 49 段未缓存）...
  翻译第 6–6 段（共 49 段未缓存）...
  翻译第 7–7 段（共 49 段未缓存）...
  翻译第 8–8 段（共 49 段未缓存）...
  翻译第 9–9 段（共 49 段未缓存）...
  翻译第 10–10 段（共 49 段未缓存）...
  翻译第 11–11 段（共 49 段未缓存）...
  翻译第 12–12 段（共 49 段未缓存）...
  翻译第 13–13 段（共 49 段未缓存）...
  翻译第 14–14 段（共 49 段未缓存）...
  翻译第 15–15 段（共 49 段未缓存）...
  翻译第 16–16 段（共 49 段未缓存）...
  翻译第 17–17 段（共 49 段未缓存）...
  翻译第 18–18 段（共 49 段未缓存）...
  翻译第 19–19 段（共 49 段未缓存）...
  翻译第 20–20 段（共 49 段未缓存）...
  翻译第 21–21 段（共 49 段未缓存）...
  翻译第 22–22 段（共 49 段未缓存）...
  翻译第 23–23 段（共 49 段未缓存）...
  翻译第 24–24 段（共 49 段未缓存）...
  翻译第 25–25 段（共 49 段未缓存）...
  翻译第 26–26 段（共 49 段未缓存）...
  翻译第 27–27 段（共 49 段未缓存）...
  翻译第 28–28 段（共 49 段未缓存）...
  翻译第 29–29 段（共 49 段未缓存）...
  翻译第 30–30 段（共 49 段未缓存）...
  翻译第 31–31 段（共 49 段未缓存）...
  翻译第 32–32 段（共 49 段未缓存）...
  翻译第 33–33 段（共 49 段未缓存）...
  翻译第 34–34 段（共 49 段未缓存）...
  翻译第 35–35 段（共 49 段未缓存）...
  翻译第 36–36 段（共 49 段未缓存）...
  翻译第 37–37 段（共 49 段未缓存）...
  翻译第 38–38 段（共 49 段未缓存）...
  翻译第 39–39 段（共 49 段未缓存）...
  翻译第 40–40 段（共 49 段未缓存）...
  翻译第 41–41 段（共 49 段未缓存）...
  翻译第 42–42 段（共 49 段未缓存）...
  翻译第 43–43 段（共 49 段未缓存）...
  翻译第 44–44 段（共 49 段未缓存）...
  翻译第 45–45 段（共 49 段未缓存）...
  翻译第 46–46 段（共 49 段未缓存）...
  翻译第 47–47 段（共 49 段未缓存）...
  翻译第 48–48 段（共 49 段未缓存）...
  翻译第 49–49 段（共 49 段未缓存）...

重建 MD...

✓ 写入 /Users/yanpeifa/Documents/whcjb.github.io/calvin_raw/acts-filibi/zh_chapters/25.md  (24,912 bytes)
  段落翻译：53 段
  缓存命中：53，新翻译：0
=== 第 25 章 退出码 0 完成 2026-06-17 17:14:39 ===

==========================
=== publish 开始 2026-06-17 17:14:39
==========================
发现已译：preface=True, chapters=[1, 2, 3, 4, 5, 6, 7, 8, 9, 10, 11, 12, 13, 14, 15, 16, 17, 18, 19, 20, 21, 22, 23, 24, 25] (共 25 章)
  写入 calvin/acts/preface.md  (36,437 bytes)
  写入 calvin/acts/1.md  (79,277 bytes)
  写入 calvin/acts/2.md  (120,186 bytes)
  写入 calvin/acts/3.md  (56,957 bytes)
  写入 calvin/acts/4.md  (55,939 bytes)
  写入 calvin/acts/5.md  (66,939 bytes)
  写入 calvin/acts/6.md  (38,532 bytes)
  写入 calvin/acts/7.md  (140,574 bytes)
  写入 calvin/acts/8.md  (83,919 bytes)
  写入 calvin/acts/9.md  (73,640 bytes)
  写入 calvin/acts/10.md  (98,431 bytes)
  写入 calvin/acts/11.md  (40,895 bytes)
  写入 calvin/acts/12.md  (35,296 bytes)
  写入 calvin/acts/13.md  (126,721 bytes)
  写入 calvin/acts/14.md  (59,304 bytes)
  写入 calvin/acts/15.md  (111,028 bytes)
  写入 calvin/acts/16.md  (72,950 bytes)
  写入 calvin/acts/17.md  (97,687 bytes)
  写入 calvin/acts/18.md  (50,977 bytes)
  写入 calvin/acts/19.md  (51,516 bytes)
  写入 calvin/acts/20.md  (64,213 bytes)
  写入 calvin/acts/21.md  (47,141 bytes)
  写入 calvin/acts/22.md  (37,925 bytes)
  写入 calvin/acts/23.md  (49,113 bytes)
  写入 calvin/acts/24.md  (38,186 bytes)
  写入 calvin/acts/25.md  (24,844 bytes)
  写入 calvin/acts/index.html

✓ 发布完成 → calvin/acts/ (chapters=25)
质检：
  grep -n "<<<END>>>" calvin/acts/*.md     # 应无结果
  grep -c "^layout: calvin-en" calvin/acts/*.md
=== publish 完成 2026-06-17 17:14:39 ===

==========================
=== Acts 第 26 章 开始 2026-06-17 17:19:47
==========================

=== 第 26 章 ===
读取 /Users/yanpeifa/Documents/whcjb.github.io/calvin/acts-en/26.md
分类行类型...
各类型行数： {'pass': 141, 'body': 63, 'h1': 1, 'fn': 25}

共 89 段需要翻译，缓存目录: /Users/yanpeifa/Documents/whcjb.github.io/calvin_raw/acts-filibi/zh_cache
  翻译第 1–1 段（共 82 段未缓存）...
  翻译第 2–2 段（共 82 段未缓存）...
  翻译第 3–3 段（共 82 段未缓存）...
  翻译第 4–4 段（共 82 段未缓存）...
  翻译第 5–5 段（共 82 段未缓存）...
  翻译第 6–6 段（共 82 段未缓存）...
  翻译第 7–7 段（共 82 段未缓存）...
  翻译第 8–8 段（共 82 段未缓存）...
  翻译第 9–9 段（共 82 段未缓存）...
  翻译第 10–10 段（共 82 段未缓存）...
  翻译第 11–11 段（共 82 段未缓存）...
  翻译第 12–12 段（共 82 段未缓存）...
  翻译第 13–13 段（共 82 段未缓存）...
  翻译第 14–14 段（共 82 段未缓存）...
  翻译第 15–15 段（共 82 段未缓存）...
  翻译第 16–16 段（共 82 段未缓存）...
  翻译第 17–17 段（共 82 段未缓存）...
  翻译第 18–18 段（共 82 段未缓存）...
  翻译第 19–19 段（共 82 段未缓存）...
  翻译第 20–20 段（共 82 段未缓存）...
  翻译第 21–21 段（共 82 段未缓存）...
  翻译第 22–22 段（共 82 段未缓存）...
  翻译第 23–23 段（共 82 段未缓存）...
  翻译第 24–24 段（共 82 段未缓存）...
  翻译第 25–25 段（共 82 段未缓存）...
  翻译第 26–26 段（共 82 段未缓存）...
  翻译第 27–27 段（共 82 段未缓存）...
  翻译第 28–28 段（共 82 段未缓存）...
  翻译第 29–29 段（共 82 段未缓存）...
  翻译第 30–30 段（共 82 段未缓存）...
  翻译第 31–31 段（共 82 段未缓存）...
  翻译第 32–32 段（共 82 段未缓存）...
  翻译第 33–33 段（共 82 段未缓存）...
  翻译第 34–34 段（共 82 段未缓存）...
  翻译第 35–35 段（共 82 段未缓存）...
  翻译第 36–36 段（共 82 段未缓存）...
  翻译第 37–37 段（共 82 段未缓存）...
  翻译第 38–38 段（共 82 段未缓存）...
  翻译第 39–39 段（共 82 段未缓存）...
  翻译第 40–40 段（共 82 段未缓存）...
  翻译第 41–41 段（共 82 段未缓存）...
  翻译第 42–42 段（共 82 段未缓存）...
  翻译第 43–43 段（共 82 段未缓存）...
  翻译第 44–44 段（共 82 段未缓存）...
  翻译第 45–45 段（共 82 段未缓存）...
  翻译第 46–46 段（共 82 段未缓存）...
  翻译第 47–47 段（共 82 段未缓存）...
  翻译第 48–48 段（共 82 段未缓存）...
  翻译第 49–49 段（共 82 段未缓存）...
  翻译第 50–50 段（共 82 段未缓存）...
  翻译第 51–51 段（共 82 段未缓存）...
  翻译第 52–52 段（共 82 段未缓存）...
  翻译第 53–53 段（共 82 段未缓存）...
  翻译第 54–54 段（共 82 段未缓存）...
  翻译第 55–55 段（共 82 段未缓存）...
  翻译第 56–56 段（共 82 段未缓存）...
  翻译第 57–57 段（共 82 段未缓存）...
  翻译第 58–58 段（共 82 段未缓存）...
  翻译第 59–59 段（共 82 段未缓存）...
  翻译第 60–60 段（共 82 段未缓存）...
  翻译第 61–61 段（共 82 段未缓存）...
  翻译第 62–62 段（共 82 段未缓存）...
  翻译第 63–63 段（共 82 段未缓存）...
  翻译第 64–64 段（共 82 段未缓存）...
  翻译第 65–65 段（共 82 段未缓存）...
  翻译第 66–66 段（共 82 段未缓存）...
  翻译第 67–67 段（共 82 段未缓存）...
  翻译第 68–68 段（共 82 段未缓存）...
  翻译第 69–69 段（共 82 段未缓存）...
  翻译第 70–70 段（共 82 段未缓存）...
  翻译第 71–71 段（共 82 段未缓存）...
  翻译第 72–72 段（共 82 段未缓存）...
  翻译第 73–73 段（共 82 段未缓存）...
  翻译第 74–74 段（共 82 段未缓存）...
  翻译第 75–75 段（共 82 段未缓存）...
  翻译第 76–76 段（共 82 段未缓存）...
  翻译第 77–77 段（共 82 段未缓存）...
  翻译第 78–78 段（共 82 段未缓存）...
  翻译第 79–79 段（共 82 段未缓存）...
  翻译第 80–80 段（共 82 段未缓存）...
  翻译第 81–81 段（共 82 段未缓存）...
  翻译第 82–82 段（共 82 段未缓存）...

重建 MD...

✓ 写入 /Users/yanpeifa/Documents/whcjb.github.io/calvin_raw/acts-filibi/zh_chapters/26.md  (41,340 bytes)
  段落翻译：89 段
  缓存命中：89，新翻译：0
=== 第 26 章 退出码 0 完成 2026-06-17 17:35:30 ===

==========================
=== publish 开始 2026-06-17 17:35:30
==========================
发现已译：preface=True, chapters=[1, 2, 3, 4, 5, 6, 7, 8, 9, 10, 11, 12, 13, 14, 15, 16, 17, 18, 19, 20, 21, 22, 23, 24, 25, 26] (共 26 章)
  写入 calvin/acts/preface.md  (36,437 bytes)
  写入 calvin/acts/1.md  (79,277 bytes)
  写入 calvin/acts/2.md  (120,186 bytes)
  写入 calvin/acts/3.md  (56,957 bytes)
  写入 calvin/acts/4.md  (55,939 bytes)
  写入 calvin/acts/5.md  (66,939 bytes)
  写入 calvin/acts/6.md  (38,532 bytes)
  写入 calvin/acts/7.md  (140,574 bytes)
  写入 calvin/acts/8.md  (83,919 bytes)
  写入 calvin/acts/9.md  (73,640 bytes)
  写入 calvin/acts/10.md  (98,431 bytes)
  写入 calvin/acts/11.md  (40,895 bytes)
  写入 calvin/acts/12.md  (35,296 bytes)
  写入 calvin/acts/13.md  (126,721 bytes)
  写入 calvin/acts/14.md  (59,304 bytes)
  写入 calvin/acts/15.md  (111,028 bytes)
  写入 calvin/acts/16.md  (72,950 bytes)
  写入 calvin/acts/17.md  (97,687 bytes)
  写入 calvin/acts/18.md  (50,977 bytes)
  写入 calvin/acts/19.md  (51,516 bytes)
  写入 calvin/acts/20.md  (64,213 bytes)
  写入 calvin/acts/21.md  (47,141 bytes)
  写入 calvin/acts/22.md  (37,925 bytes)
  写入 calvin/acts/23.md  (49,113 bytes)
  写入 calvin/acts/24.md  (38,186 bytes)
  写入 calvin/acts/25.md  (24,891 bytes)
  写入 calvin/acts/26.md  (40,681 bytes)
  写入 calvin/acts/index.html

✓ 发布完成 → calvin/acts/ (chapters=26)
质检：
  grep -n "<<<END>>>" calvin/acts/*.md     # 应无结果
  grep -c "^layout: calvin-en" calvin/acts/*.md
=== publish 完成 2026-06-17 17:35:30 ===

==========================
=== Acts 第 27 章 开始 2026-06-18 13:30:38
==========================

=== 第 27 章 ===
读取 /Users/yanpeifa/Documents/whcjb.github.io/calvin/acts-en/27.md
分类行类型...
各类型行数： {'pass': 112, 'body': 47, 'h1': 1, 'fn': 19}

共 67 段需要翻译，缓存目录: /Users/yanpeifa/Documents/whcjb.github.io/calvin_raw/acts-filibi/zh_cache
  翻译第 1–1 段（共 63 段未缓存）...
  翻译第 2–2 段（共 63 段未缓存）...
  翻译第 3–3 段（共 63 段未缓存）...
  翻译第 4–4 段（共 63 段未缓存）...
  翻译第 5–5 段（共 63 段未缓存）...
  翻译第 6–6 段（共 63 段未缓存）...
  翻译第 7–7 段（共 63 段未缓存）...
  翻译第 8–8 段（共 63 段未缓存）...
  翻译第 9–9 段（共 63 段未缓存）...
  翻译第 10–10 段（共 63 段未缓存）...
  翻译第 11–11 段（共 63 段未缓存）...
  翻译第 12–12 段（共 63 段未缓存）...
  翻译第 13–13 段（共 63 段未缓存）...
  翻译第 14–14 段（共 63 段未缓存）...
  翻译第 15–15 段（共 63 段未缓存）...
  翻译第 16–16 段（共 63 段未缓存）...
  翻译第 17–17 段（共 63 段未缓存）...
  翻译第 18–18 段（共 63 段未缓存）...
  翻译第 19–19 段（共 63 段未缓存）...
  翻译第 20–20 段（共 63 段未缓存）...
  翻译第 21–21 段（共 63 段未缓存）...
  翻译第 22–22 段（共 63 段未缓存）...
  翻译第 23–23 段（共 63 段未缓存）...
  翻译第 24–24 段（共 63 段未缓存）...
  翻译第 25–25 段（共 63 段未缓存）...
  翻译第 26–26 段（共 63 段未缓存）...
  翻译第 27–27 段（共 63 段未缓存）...
  翻译第 28–28 段（共 63 段未缓存）...
  翻译第 29–29 段（共 63 段未缓存）...
  翻译第 30–30 段（共 63 段未缓存）...
  翻译第 31–31 段（共 63 段未缓存）...
  翻译第 32–32 段（共 63 段未缓存）...
  翻译第 33–33 段（共 63 段未缓存）...
  翻译第 34–34 段（共 63 段未缓存）...
  翻译第 35–35 段（共 63 段未缓存）...
  翻译第 36–36 段（共 63 段未缓存）...
  翻译第 37–37 段（共 63 段未缓存）...
  翻译第 38–38 段（共 63 段未缓存）...
  翻译第 39–39 段（共 63 段未缓存）...
  翻译第 40–40 段（共 63 段未缓存）...
  翻译第 41–41 段（共 63 段未缓存）...
  翻译第 42–42 段（共 63 段未缓存）...
  翻译第 43–43 段（共 63 段未缓存）...
  翻译第 44–44 段（共 63 段未缓存）...
  翻译第 45–45 段（共 63 段未缓存）...
  翻译第 46–46 段（共 63 段未缓存）...
  翻译第 47–47 段（共 63 段未缓存）...
  翻译第 48–48 段（共 63 段未缓存）...
  翻译第 49–49 段（共 63 段未缓存）...
  翻译第 50–50 段（共 63 段未缓存）...
  翻译第 51–51 段（共 63 段未缓存）...
  翻译第 52–52 段（共 63 段未缓存）...
  翻译第 53–53 段（共 63 段未缓存）...
  翻译第 54–54 段（共 63 段未缓存）...
  翻译第 55–55 段（共 63 段未缓存）...
  翻译第 56–56 段（共 63 段未缓存）...
  翻译第 57–57 段（共 63 段未缓存）...
  翻译第 58–58 段（共 63 段未缓存）...
  翻译第 59–59 段（共 63 段未缓存）...
  翻译第 60–60 段（共 63 段未缓存）...
  翻译第 61–61 段（共 63 段未缓存）...
  翻译第 62–62 段（共 63 段未缓存）...
  翻译第 63–63 段（共 63 段未缓存）...

重建 MD...

✓ 写入 /Users/yanpeifa/Documents/whcjb.github.io/calvin_raw/acts-filibi/zh_chapters/27.md  (30,726 bytes)
  段落翻译：67 段
  缓存命中：67，新翻译：0
=== 第 27 章 退出码 0 完成 2026-06-18 13:42:25 ===

==========================
=== publish 开始 2026-06-18 13:42:25
==========================
发现已译：preface=True, chapters=[1, 2, 3, 4, 5, 6, 7, 8, 9, 10, 11, 12, 13, 14, 15, 16, 17, 18, 19, 20, 21, 22, 23, 24, 25, 26, 27] (共 27 章)
  写入 calvin/acts/preface.md  (36,437 bytes)
  写入 calvin/acts/1.md  (79,277 bytes)
  写入 calvin/acts/2.md  (120,186 bytes)
  写入 calvin/acts/3.md  (56,957 bytes)
  写入 calvin/acts/4.md  (55,939 bytes)
  写入 calvin/acts/5.md  (66,939 bytes)
  写入 calvin/acts/6.md  (38,532 bytes)
  写入 calvin/acts/7.md  (140,574 bytes)
  写入 calvin/acts/8.md  (83,919 bytes)
  写入 calvin/acts/9.md  (73,640 bytes)
  写入 calvin/acts/10.md  (98,431 bytes)
  写入 calvin/acts/11.md  (40,895 bytes)
  写入 calvin/acts/12.md  (35,296 bytes)
  写入 calvin/acts/13.md  (126,721 bytes)
  写入 calvin/acts/14.md  (59,304 bytes)
  写入 calvin/acts/15.md  (111,028 bytes)
  写入 calvin/acts/16.md  (72,950 bytes)
  写入 calvin/acts/17.md  (97,687 bytes)
  写入 calvin/acts/18.md  (50,977 bytes)
  写入 calvin/acts/19.md  (51,516 bytes)
  写入 calvin/acts/20.md  (64,213 bytes)
  写入 calvin/acts/21.md  (47,141 bytes)
  写入 calvin/acts/22.md  (37,925 bytes)
  写入 calvin/acts/23.md  (49,113 bytes)
  写入 calvin/acts/24.md  (38,186 bytes)
  写入 calvin/acts/25.md  (24,891 bytes)
  写入 calvin/acts/26.md  (40,728 bytes)
  写入 calvin/acts/27.md  (30,663 bytes)
  写入 calvin/acts/index.html

✓ 发布完成 → calvin/acts/ (chapters=27)
质检：
  grep -n "<<<END>>>" calvin/acts/*.md     # 应无结果
  grep -c "^layout: calvin-en" calvin/acts/*.md
=== publish 完成 2026-06-18 13:42:25 ===

==========================
=== Acts 第 28 章 开始 2026-06-18 13:44:43
==========================

=== 第 28 章 ===
读取 /Users/yanpeifa/Documents/whcjb.github.io/calvin/acts-en/28.md
分类行类型...
各类型行数： {'pass': 1836, 'body': 67, 'h1': 1, 'fn': 37}

共 105 段需要翻译，缓存目录: /Users/yanpeifa/Documents/whcjb.github.io/calvin_raw/acts-filibi/zh_cache
  翻译第 1–1 段（共 97 段未缓存）...
  翻译第 2–2 段（共 97 段未缓存）...
  翻译第 3–3 段（共 97 段未缓存）...
  翻译第 4–4 段（共 97 段未缓存）...
  翻译第 5–5 段（共 97 段未缓存）...
  翻译第 6–6 段（共 97 段未缓存）...
  翻译第 7–7 段（共 97 段未缓存）...
  翻译第 8–8 段（共 97 段未缓存）...
  翻译第 9–9 段（共 97 段未缓存）...
  翻译第 10–10 段（共 97 段未缓存）...
  翻译第 11–11 段（共 97 段未缓存）...
  翻译第 12–12 段（共 97 段未缓存）...
  翻译第 13–13 段（共 97 段未缓存）...
  翻译第 14–14 段（共 97 段未缓存）...
  翻译第 15–15 段（共 97 段未缓存）...
  翻译第 16–16 段（共 97 段未缓存）...
  翻译第 17–17 段（共 97 段未缓存）...
  翻译第 18–18 段（共 97 段未缓存）...
  翻译第 19–19 段（共 97 段未缓存）...
  翻译第 20–20 段（共 97 段未缓存）...
  翻译第 21–21 段（共 97 段未缓存）...
  翻译第 22–22 段（共 97 段未缓存）...
  翻译第 23–23 段（共 97 段未缓存）...
  翻译第 24–24 段（共 97 段未缓存）...
  翻译第 25–25 段（共 97 段未缓存）...
  翻译第 26–26 段（共 97 段未缓存）...
  翻译第 27–27 段（共 97 段未缓存）...
  翻译第 28–28 段（共 97 段未缓存）...
  翻译第 29–29 段（共 97 段未缓存）...
  翻译第 30–30 段（共 97 段未缓存）...
  翻译第 31–31 段（共 97 段未缓存）...
  翻译第 32–32 段（共 97 段未缓存）...
  翻译第 33–33 段（共 97 段未缓存）...
  翻译第 34–34 段（共 97 段未缓存）...
  翻译第 35–35 段（共 97 段未缓存）...
  翻译第 36–36 段（共 97 段未缓存）...
  翻译第 37–37 段（共 97 段未缓存）...
  翻译第 38–38 段（共 97 段未缓存）...
  翻译第 39–39 段（共 97 段未缓存）...
  翻译第 40–40 段（共 97 段未缓存）...
  翻译第 41–41 段（共 97 段未缓存）...
  翻译第 42–42 段（共 97 段未缓存）...
  翻译第 43–43 段（共 97 段未缓存）...
  翻译第 44–44 段（共 97 段未缓存）...
  翻译第 45–45 段（共 97 段未缓存）...
  翻译第 46–46 段（共 97 段未缓存）...
  翻译第 47–47 段（共 97 段未缓存）...
  翻译第 48–48 段（共 97 段未缓存）...
  翻译第 49–49 段（共 97 段未缓存）...
  翻译第 50–50 段（共 97 段未缓存）...
  翻译第 51–51 段（共 97 段未缓存）...
  翻译第 52–52 段（共 97 段未缓存）...
  翻译第 53–53 段（共 97 段未缓存）...
  翻译第 54–54 段（共 97 段未缓存）...
  翻译第 55–55 段（共 97 段未缓存）...
  翻译第 56–56 段（共 97 段未缓存）...
  翻译第 57–57 段（共 97 段未缓存）...
  翻译第 58–58 段（共 97 段未缓存）...
  翻译第 59–59 段（共 97 段未缓存）...
  翻译第 60–60 段（共 97 段未缓存）...
  翻译第 61–61 段（共 97 段未缓存）...
  翻译第 62–62 段（共 97 段未缓存）...
  翻译第 63–63 段（共 97 段未缓存）...
  翻译第 64–64 段（共 97 段未缓存）...
  翻译第 65–65 段（共 97 段未缓存）...
  翻译第 66–66 段（共 97 段未缓存）...
  翻译第 67–67 段（共 97 段未缓存）...
  翻译第 68–68 段（共 97 段未缓存）...
  翻译第 69–69 段（共 97 段未缓存）...
  翻译第 70–70 段（共 97 段未缓存）...
  翻译第 71–71 段（共 97 段未缓存）...
  翻译第 72–72 段（共 97 段未缓存）...
  翻译第 73–73 段（共 97 段未缓存）...
  翻译第 74–74 段（共 97 段未缓存）...
  翻译第 75–75 段（共 97 段未缓存）...
  翻译第 76–76 段（共 97 段未缓存）...
  翻译第 77–77 段（共 97 段未缓存）...
  翻译第 78–78 段（共 97 段未缓存）...
  翻译第 79–79 段（共 97 段未缓存）...
  翻译第 80–80 段（共 97 段未缓存）...
  翻译第 81–81 段（共 97 段未缓存）...
  翻译第 82–82 段（共 97 段未缓存）...
  翻译第 83–83 段（共 97 段未缓存）...
  翻译第 84–84 段（共 97 段未缓存）...
  翻译第 85–85 段（共 97 段未缓存）...
  翻译第 86–86 段（共 97 段未缓存）...
  翻译第 87–87 段（共 97 段未缓存）...
  翻译第 88–88 段（共 97 段未缓存）...
  翻译第 89–89 段（共 97 段未缓存）...
  翻译第 90–90 段（共 97 段未缓存）...
  翻译第 91–91 段（共 97 段未缓存）...
  翻译第 92–92 段（共 97 段未缓存）...
  翻译第 93–93 段（共 97 段未缓存）...
  翻译第 94–94 段（共 97 段未缓存）...
  翻译第 95–95 段（共 97 段未缓存）...
  翻译第 96–96 段（共 97 段未缓存）...
  翻译第 97–97 段（共 97 段未缓存）...

重建 MD...

✓ 写入 /Users/yanpeifa/Documents/whcjb.github.io/calvin_raw/acts-filibi/zh_chapters/28.md  (47,678 bytes)
  段落翻译：105 段
  缓存命中：105，新翻译：0
=== 第 28 章 退出码 0 完成 2026-06-18 14:01:37 ===

==========================
=== publish 开始 2026-06-18 14:01:37
==========================
发现已译：preface=True, chapters=[1, 2, 3, 4, 5, 6, 7, 8, 9, 10, 11, 12, 13, 14, 15, 16, 17, 18, 19, 20, 21, 22, 23, 24, 25, 26, 27, 28] (共 28 章)
  写入 calvin/acts/preface.md  (36,437 bytes)
  写入 calvin/acts/1.md  (79,277 bytes)
  写入 calvin/acts/2.md  (120,186 bytes)
  写入 calvin/acts/3.md  (56,957 bytes)
  写入 calvin/acts/4.md  (55,939 bytes)
  写入 calvin/acts/5.md  (66,939 bytes)
  写入 calvin/acts/6.md  (38,532 bytes)
  写入 calvin/acts/7.md  (140,574 bytes)
  写入 calvin/acts/8.md  (83,919 bytes)
  写入 calvin/acts/9.md  (73,640 bytes)
  写入 calvin/acts/10.md  (98,431 bytes)
  写入 calvin/acts/11.md  (40,895 bytes)
  写入 calvin/acts/12.md  (35,296 bytes)
  写入 calvin/acts/13.md  (126,721 bytes)
  写入 calvin/acts/14.md  (59,304 bytes)
  写入 calvin/acts/15.md  (111,028 bytes)
  写入 calvin/acts/16.md  (72,950 bytes)
  写入 calvin/acts/17.md  (97,687 bytes)
  写入 calvin/acts/18.md  (50,977 bytes)
  写入 calvin/acts/19.md  (51,516 bytes)
  写入 calvin/acts/20.md  (64,213 bytes)
  写入 calvin/acts/21.md  (47,141 bytes)
  写入 calvin/acts/22.md  (37,925 bytes)
  写入 calvin/acts/23.md  (49,113 bytes)
  写入 calvin/acts/24.md  (38,186 bytes)
  写入 calvin/acts/25.md  (24,891 bytes)
  写入 calvin/acts/26.md  (40,728 bytes)
  写入 calvin/acts/27.md  (30,710 bytes)
  写入 calvin/acts/28.md  (47,657 bytes)
  写入 calvin/acts/index.html

✓ 发布完成 → calvin/acts/ (chapters=28)
质检：
  grep -n "<<<END>>>" calvin/acts/*.md     # 应无结果
  grep -c "^layout: calvin-en" calvin/acts/*.md
=== publish 完成 2026-06-18 14:01:37 ===
